COMMAND: pwd && git rev-parse --show-toplevel && jj root && jj status
CWD: /home/lewis/src/isoloated/velvet-ballistics-w25-runtime-a2
/home/lewis/src/isoloated/velvet-ballistics-w25-runtime-a2
/home/lewis/src/isoloated/velvet-ballistics-w25-runtime-a2
/home/lewis/src/isoloated/velvet-ballistics-w25-runtime-a2
Working copy changes:
M .config/source-length-exceptions.txt
M crates/vb_cli/src/run.rs
M crates/vb_cli/tests/cli_vb_m214_bdd_scenarios.rs
M crates/vb_cli/tests/vb_qi37_14_1_run_step.rs
M crates/vb_compile/src/mod_compile_validation/part_03.rs
M crates/vb_compile/src/mod_compile_validation/part_04.rs
A crates/vb_compile/src/mod_compile_validation/part_04_choose.rs
A crates/vb_compile/src/mod_compile_validation/part_04_top_level.rs
M crates/vb_compile/src/mod_compile_validation/part_05.rs
M crates/vb_compile/src/mod_compile_validation/part_06.rs
M crates/vb_compile/src/mod_compile_validation.rs
A crates/vb_compile/tests/proptest/proptest_choose_emission.proptest-regressions
A crates/vb_compile/tests/proptest/proptest_choose_fallthrough.proptest-regressions
A crates/vb_compile/tests/proptest/proptest_choose_otherwise.proptest-regressions
M crates/vb_compile/tests/repeat_digest_integration.rs
M crates/vb_compile/tests/repeat_digest_proptest.rs
M crates/vb_compile/tests/together_digest_sensitivity.rs
M crates/vb_compile/tests/v1_primitive_lowering.rs
M crates/vb_compile/tests/vb_8mdp_7_collect_lowering_props.rs
M crates/vb_compile/tests/vb_a001_for_each_topology.rs
M crates/vb_compile/tests/vb_xi2f_nested_do_lowering.rs
M crates/vb_runtime/src/admission/artifact_envelope_tests.rs
M crates/vb_runtime/src/admission/parts/chunk_003_stores.rs
M crates/vb_runtime/src/admission/parts/chunk_006_admit_budget.rs
M crates/vb_runtime/src/admission/tests.rs
M crates/vb_runtime/src/admission.rs
M crates/vb_runtime/src/error/diagnostics.rs
M crates/vb_runtime/src/error/display.rs
M crates/vb_runtime/src/error/equality.rs
M crates/vb_runtime/src/error/mod.rs
A crates/vb_runtime/src/recovery/frame.rs
A crates/vb_runtime/src/recovery/full/admission.rs
A crates/vb_runtime/src/recovery/full/pending.rs
A crates/vb_runtime/src/recovery/full/product.rs
A crates/vb_runtime/src/recovery/full.rs
A crates/vb_runtime/src/recovery/product.rs
M crates/vb_runtime/src/recovery/tests.rs
M crates/vb_runtime/src/recovery.rs
M crates/vb_runtime/src/runtime.rs
M crates/vb_runtime/src/shard/impl_parts/chunk_001.rs
M crates/vb_runtime/src/shard/impl_parts/chunk_004.rs
M crates/vb_runtime/src/shard/lifecycle/chunk_001.rs
M crates/vb_runtime/src/shard/lifecycle/chunk_002.rs
A crates/vb_runtime/src/shard/lifecycle/chunk_002_parts/chunk_001_boundary_control.rs
A crates/vb_runtime/src/shard/lifecycle/chunk_002_parts/chunk_002_drive_core.rs
A crates/vb_runtime/src/shard/lifecycle/chunk_002_parts/chunk_003_drive_apply.rs
M crates/vb_runtime/src/shard/lifecycle_tests/chunk_004.rs
M crates/vb_runtime/src/shard/transitions.rs
M crates/vb_runtime/src/shard/types.rs
M crates/vb_runtime/tests/recovery_bdd_tests.rs
M crates/vb_runtime/tests/recovery_hydration_tests.rs
M crates/vb_runtime/tests/vb_jggy_lifecycle_tests.rs
M crates/vb_runtime/tests/vb_qi37_12_2_resume_error_propagation.rs
M crates/vb_runtime/tests/vb_wave16_mqa.rs
M crates/vb_storage/src/admission.rs
M crates/vb_storage/src/journal/tests.rs
M crates/vb_storage/src/recovery/hydrate.rs
M crates/vb_storage/src/recovery/mod.rs
M crates/vb_storage/src/recovery/replay/core.rs
M crates/vb_storage/src/recovery/replay/summary/apply.rs
M crates/vb_storage/src/recovery/replay/summary/derive.rs
M crates/vb_storage/src/recovery/replay/summary/hydrate.rs
M crates/vb_storage/src/recovery/tests.rs
M crates/vb_storage/src/recovery/types.rs
M crates/vb_storage/src/recovery_type_tests.rs
M crates/workspace_tests/tests/integration_storage_runtime_recovery.rs
M crates/workspace_tests/tests/integration_validate_yaml_parsing.rs
M crates/workspace_tests/tests/restate_typed_partitioned_id_tests.rs
A crates/workspace_tests/tests/runtime_fjall_pending_action_recovery.rs
M crates/workspace_tests/tests/runtime_version_barrier_tests.rs
M crates/workspace_tests/tests/vb_8mdp_7_resource_admission_props.rs
M crates/workspace_tests/tests/vb_c1s0_orchestration_runtime_tests.rs
M crates/workspace_tests/tests/vb_core_yaml_e2e_chain_contract.rs
M crates/workspace_tests/tests/vb_ko29_5_public_idempotency.rs
M crates/workspace_tests/tests/vb_lp2v_admission_integration.rs
M crates/workspace_tests/tests/vb_lp2v_proof_admission_bdd.rs
M crates/workspace_tests/tests/vb_qi37_1_1_red_recovery_contract_test.rs
M crates/workspace_tests/tests/vb_qi37_4_2_strict_runtime_admission.rs
M crates/workspace_tests/tests/vb_ssei_verification_admission_acceptance.rs
M crates/workspace_tests/tests/vb_test_cli_storage_io_behavior.rs
M crates/workspace_tests/tests/vb_test_runtime_ipc_resource_behavior.rs
M crates/workspace_tests/tests/vb_vt2f_direct_runtime_api_acceptance.rs
A evidence/runtime-a2/domain-rejection-evidence.md
A evidence/runtime-a2/durable-timer-authority-decision.md
A evidence/runtime-a2/raw/check.log
A evidence/runtime-a2/raw/clippy-tests-blocker.log
A evidence/runtime-a2/raw/clippy.log
A evidence/runtime-a2/raw/fmt-check.log
A evidence/runtime-a2/raw/git-root.log
A evidence/runtime-a2/raw/jj-root.log
A evidence/runtime-a2/raw/production-inner-drift.log
A evidence/runtime-a2/raw/roots.log
A evidence/runtime-a2/raw/runtime-boundary-typestate-test.log
A evidence/runtime-a2/raw/runtime-fjall-test.log
A evidence/runtime-a2/raw/runtime-recovery-suite.log
A evidence/runtime-a2/raw/runtime-recovery-unit.log
A evidence/runtime-a2/raw/source-length.log
A evidence/runtime-a2/raw/storage-recovery-tests.log
A evidence/runtime-a2/raw/storage-typestate-test.log
A evidence/runtime-a2/raw/vb-runtime-recovery-tests.log
A evidence/runtime-a2/raw/vb-runtime-recovery-unit.log
A evidence/runtime-a2/raw/vb-storage-recovery-tests.log
A evidence/runtime-a2/raw/verus-production-binding.log
M fuzz/Cargo.toml
M fuzz/corpus/vb_f04l_yaml_compiler_compile/for_each.yaml
M verification/verus/extern_idempotency_replay_tracker.rs
M verification/verus/extern_ipc_runtime_transitions.rs
M verification/verus/extern_recovery_verification.rs
M verification/verus/extern_storage_kind_family.rs
M verification/verus/extern_vb_jpq724_events_for_run_production.rs
M verification/verus/extern_vb_rpch_seed_dimensions.rs
M verification/verus/idempotency_replay_tracker.rs
M verification/verus/production_inner/action_replay_tracker_production.rs
M verification/verus/production_inner/cancel_kill_lattice_production.rs
M verification/verus/production_inner/digest_check_production.rs
M verification/verus/production_inner/recovery_verification_production.rs
M verification/verus/production_inner/replay_invariants_production.rs
M verification/verus/production_inner/unsupported_recovery_state_production.rs
M verification/verus/production_inner/vb_edvbj_propagation_production.rs
M verification/verus/production_inner/vb_edvbj_symbolic_code_production.rs
Working copy  (@) : ypvwumls 75a3fb27 vb-4969v vb-d9ywf vb-sixsf lean runtime recovery first slice
Parent commit (@-): lumrtywu c190b285 main main@origin | fix: align runtime recovery and shutdown tests

EXIT_STATUS: 0
