"\377\377\377\377\377\377\3777" # Uses: 268699
"\003\000\000\000" # Uses: 268531
"\037LBV" # Uses: 268512
"\376\377\377\377\377\377\377\377" # Uses: 267974
"\017\000\000\000" # Uses: 267215
"\020\000\000\000" # Uses: 266710
"\014\000\000\000\000\000\000\000" # Uses: 266519
"\000\000{\271\301\237\237\000" # Uses: 265452
"\377\377\377\377\377\377\377\377" # Uses: 265116
"!\000\000\000\000\000\000\000" # Uses: 264288
"\030\000\000\000\000\000\000\000" # Uses: 263182
"\300?\002\000" # Uses: 263740
"\201\360\037RD\004\000\000" # Uses: 263668
"\017\000\000\000\000\000\000\000" # Uses: 263492
"\017\000" # Uses: 262304
"\001\000\000\000\000\000\000\253" # Uses: 258286
"|\000\000\000" # Uses: 252151
"\007\000\000\000\000\000\000\000" # Uses: 251819
###### End of recommended dictionary. ######
Done 53762557 runs in 61 second(s)
