Kani Rust Verifier 0.67.0 (cargo plugin)
    Blocking waiting for file lock on package cache
    Blocking waiting for file lock on package cache
    Blocking waiting for file lock on artifact directory
   Compiling vb_core v0.1.0 (/home/lewis/src/velvet-ballistics/crates/vb_core)
warning: unused imports: `ReplayError` and `SuspensionKind`
  --> crates/vb_core/src/replay/kani_harnesses.rs:16:27
   |
16 | use super::{ReplayAction, ReplayError, SuspensionKind, step::replay_step};
   |                           ^^^^^^^^^^^  ^^^^^^^^^^^^^^
   |
   = note: `#[warn(unused_imports)]` (part of `#[warn(unused)]`) on by default

warning: unused import: `crate::errors::EngineError`
  --> crates/vb_core/src/kani_step_harnesses.rs:21:5
   |
21 | use crate::errors::EngineError;
   |     ^^^^^^^^^^^^^^^^^^^^^^^^^^

warning: variable does not need to be mutable
    --> crates/vb_core/src/frame.rs:1963:13
     |
1963 |         let mut frame = RunFrame::new(RunId::new(1), StepIdx::ZERO, step_count, 1);
     |             ----^^^^^
     |             |
     |             help: remove this `mut`
     |
     = note: `#[warn(unused_mut)]` (part of `#[warn(unused)]`) on by default

warning: variable does not need to be mutable
    --> crates/vb_core/src/frame.rs:1978:13
     |
1978 |         let mut frame = RunFrame::new(RunId::new(1), StepIdx::ZERO, step_count, 1);
     |             ----^^^^^
     |             |
     |             help: remove this `mut`

warning: variable does not need to be mutable
    --> crates/vb_core/src/frame.rs:1996:13
     |
1996 |         let mut frame = RunFrame::new(RunId::new(1), StepIdx::ZERO, step_count, 1);
     |             ----^^^^^
     |             |
     |             help: remove this `mut`

warning: variable does not need to be mutable
    --> crates/vb_core/src/frame.rs:2017:13
     |
2017 |         let mut frame = RunFrame::new(RunId::new(1), StepIdx::ZERO, 1, slot_count);
     |             ----^^^^^
     |             |
     |             help: remove this `mut`

warning: variable does not need to be mutable
    --> crates/vb_core/src/frame.rs:2041:13
     |
2041 |         let mut frame = RunFrame::new(RunId::new(1), StepIdx::ZERO, 1, slot_count);
     |             ----^^^^^
     |             |
     |             help: remove this `mut`

warning: variable does not need to be mutable
  --> crates/vb_core/src/kani_taint_propagation.rs:99:9
   |
99 |     let mut frame = RunFrame::new(RunId::new(1), StepIdx::ZERO, 1, slot_count);
   |         ----^^^^^
   |         |
   |         help: remove this `mut`

warning: variable does not need to be mutable
   --> crates/vb_core/src/kani_taint_propagation.rs:123:9
    |
123 |     let mut frame = RunFrame::new(RunId::new(1), StepIdx::ZERO, 1, slot_count);
    |         ----^^^^^
    |         |
    |         help: remove this `mut`

warning: variable does not need to be mutable
  --> crates/vb_core/src/kani_index_access.rs:23:9
   |
23 |     let mut frame = RunFrame::new(RunId::new(1), StepIdx::ZERO, 1, slot_count);
   |         ----^^^^^
   |         |
   |         help: remove this `mut`

warning: variable does not need to be mutable
  --> crates/vb_core/src/kani_index_access.rs:41:9
   |
41 |     let mut frame = RunFrame::new(RunId::new(1), StepIdx::ZERO, 1, slot_count);
   |         ----^^^^^
   |         |
   |         help: remove this `mut`

warning: variable does not need to be mutable
  --> crates/vb_core/src/kani_index_access.rs:69:9
   |
69 |     let mut frame = RunFrame::new(RunId::new(1), StepIdx::ZERO, 1, slot_count);
   |         ----^^^^^
   |         |
   |         help: remove this `mut`

warning: variable does not need to be mutable
  --> crates/vb_core/src/kani_index_access.rs:88:9
   |
88 |     let mut frame = RunFrame::new(RunId::new(1), StepIdx::ZERO, 1, slot_count);
   |         ----^^^^^
   |         |
   |         help: remove this `mut`

warning: variable does not need to be mutable
  --> crates/vb_core/src/kani_index_access.rs:90:9
   |
90 |     let mut frame = frame.unwrap();
   |         ----^^^^^
   |         |
   |         help: remove this `mut`

warning: variable does not need to be mutable
   --> crates/vb_core/src/kani_index_access.rs:104:9
    |
104 |     let mut frame = RunFrame::new(RunId::new(1), StepIdx::ZERO, 1, slot_count);
    |         ----^^^^^
    |         |
    |         help: remove this `mut`

warning: field `resource` is never read
    --> crates/vb_core/src/budget.rs:2151:20
     |
2151 |         Overflow { resource: &'static str },
     |         --------   ^^^^^^^^
     |         |
     |         field in this variant
     |
     = note: `LocalError` has a derived impl for the trait `Debug`, but this is intentionally ignored during dead code analysis
     = note: `#[warn(dead_code)]` (part of `#[warn(unused)]`) on by default

warning: field `resource` is never read
    --> crates/vb_core/src/budget.rs:2152:21
     |
2152 |         Underflow { resource: &'static str },
     |         ---------   ^^^^^^^^
     |         |
     |         field in this variant
     |
     = note: `LocalError` has a derived impl for the trait `Debug`, but this is intentionally ignored during dead code analysis

    Finished `dev` profile [unoptimized + debuginfo] target(s) in 5.45s
Checking harness kani_idempotency_gates::idempotency_divergent_digest_symbolic_certificate_rejected...
CBMC 6.8.0 (cbmc-6.8.0)
CBMC version 6.8.0 (cbmc-6.8.0) 64-bit x86_64 linux
Reading GOTO program from file /home/lewis/src/velvet-ballistics/target/kani/x86_64-unknown-linux-gnu/debug/deps/vb_core-46db1e4fe8c87fae__RNvNtCsjxOCHGd00j1_7vb_core22kani_idempotency_gates58idempotency_divergent_digest_symbolic_certificate_rejected.out
Generating GOTO Program
Adding CPROVER library (x86_64)
Removal of function pointers and virtual functions
Generic Property Instrumentation
Running with 16 object bits, 48 offset bits (user-specified)
Starting Bounded Model Checking
Unwinding loop memcmp.0 iteration 1 file <builtin-library-memcmp> line 25 function memcmp thread 0
Unwinding loop memcmp.0 iteration 2 file <builtin-library-memcmp> line 25 function memcmp thread 0
Unwinding loop memcmp.0 iteration 3 file <builtin-library-memcmp> line 25 function memcmp thread 0
Not unwinding loop memcmp.0 iteration 4 file <builtin-library-memcmp> line 25 function memcmp thread 0
Unwinding loop memcmp.0 iteration 1 file <builtin-library-memcmp> line 25 function memcmp thread 0
Unwinding loop memcmp.0 iteration 2 file <builtin-library-memcmp> line 25 function memcmp thread 0
Unwinding loop memcmp.0 iteration 3 file <builtin-library-memcmp> line 25 function memcmp thread 0
Not unwinding loop memcmp.0 iteration 4 file <builtin-library-memcmp> line 25 function memcmp thread 0
Runtime Symex: 0.0184861s
size of program expression: 1430 steps
slicing removed 1011 assignments
Generated 106 VCC(s), 6 remaining after simplification
Runtime Postprocess Equation: 0.000271046s
Passing problem to propositional reduction
converting SSA
Runtime Convert SSA: 0.00176097s
Running propositional reduction
Post-processing
Runtime Post-process: 3.93e-06s
Solving with CaDiCaL 2.0.0
3710 variables, 6257 clauses
SAT checker: instance is SATISFIABLE
Runtime Solver: 0.000173948s
Runtime decision procedure: 0.00199361s
Running propositional reduction
Solving with CaDiCaL 2.0.0
3711 variables, 6258 clauses
SAT checker: instance is SATISFIABLE
Runtime Solver: 0.000288407s
Runtime decision procedure: 0.000342676s
Running propositional reduction
Solving with CaDiCaL 2.0.0
3712 variables, 6259 clauses
SAT checker: instance is UNSATISFIABLE
Runtime Solver: 4.0959e-05s
Runtime decision procedure: 6.6739e-05s

RESULTS:
Check 1: memcmp.precondition.1
	 - Status: UNDETERMINED
	 - Description: "memcmp region 1 readable"
	 - Location: <builtin-library-memcmp>:19 in function memcmp

Check 2: memcmp.precondition.2
	 - Status: UNDETERMINED
	 - Description: "memcpy region 2 readable"
	 - Location: <builtin-library-memcmp>:21 in function memcmp

Check 3: kani_idempotency_gates::idempotency_divergent_digest_symbolic_certificate_rejected.cover.1
	 - Status: SATISFIED
	 - Description: "divergent digest rejection covered"
	 - Location: crates/vb_core/src/kani_idempotency_gates.rs:466:5 in function kani_idempotency_gates::idempotency_divergent_digest_symbolic_certificate_rejected

Check 4: kani_idempotency_gates::idempotency_divergent_digest_symbolic_certificate_rejected.assertion.1
	 - Status: UNDETERMINED
	 - Description: "divergent workflow digests are rejected by equality gate"
	 - Location: crates/vb_core/src/kani_idempotency_gates.rs:467:5 in function kani_idempotency_gates::idempotency_divergent_digest_symbolic_certificate_rejected

Check 5: memcmp.pointer_dereference.1
	 - Status: UNDETERMINED
	 - Description: "dereference failure: pointer NULL"
	 - Location: <builtin-library-memcmp>:27 in function memcmp

Check 6: memcmp.pointer_dereference.2
	 - Status: UNDETERMINED
	 - Description: "dereference failure: pointer invalid"
	 - Location: <builtin-library-memcmp>:27 in function memcmp

Check 7: memcmp.pointer_dereference.3
	 - Status: UNDETERMINED
	 - Description: "dereference failure: deallocated dynamic object"
	 - Location: <builtin-library-memcmp>:27 in function memcmp

Check 8: memcmp.pointer_dereference.4
	 - Status: UNDETERMINED
	 - Description: "dereference failure: dead object"
	 - Location: <builtin-library-memcmp>:27 in function memcmp

Check 9: memcmp.pointer_dereference.5
	 - Status: UNDETERMINED
	 - Description: "dereference failure: pointer outside object bounds"
	 - Location: <builtin-library-memcmp>:27 in function memcmp

Check 10: memcmp.pointer_dereference.6
	 - Status: UNDETERMINED
	 - Description: "dereference failure: invalid integer address"
	 - Location: <builtin-library-memcmp>:27 in function memcmp

Check 11: memcmp.pointer_dereference.7
	 - Status: UNDETERMINED
	 - Description: "dereference failure: pointer NULL"
	 - Location: <builtin-library-memcmp>:27 in function memcmp

Check 12: memcmp.pointer_dereference.8
	 - Status: UNDETERMINED
	 - Description: "dereference failure: pointer invalid"
	 - Location: <builtin-library-memcmp>:27 in function memcmp

Check 13: memcmp.pointer_dereference.9
	 - Status: UNDETERMINED
	 - Description: "dereference failure: deallocated dynamic object"
	 - Location: <builtin-library-memcmp>:27 in function memcmp

Check 14: memcmp.pointer_dereference.10
	 - Status: UNDETERMINED
	 - Description: "dereference failure: dead object"
	 - Location: <builtin-library-memcmp>:27 in function memcmp

Check 15: memcmp.pointer_dereference.11
	 - Status: UNDETERMINED
	 - Description: "dereference failure: pointer outside object bounds"
	 - Location: <builtin-library-memcmp>:27 in function memcmp

Check 16: memcmp.pointer_dereference.12
	 - Status: UNDETERMINED
	 - Description: "dereference failure: invalid integer address"
	 - Location: <builtin-library-memcmp>:27 in function memcmp

Check 17: memcmp.unwind.0
	 - Status: FAILURE
	 - Description: "unwinding assertion loop 0"
	 - Location: <builtin-library-memcmp>:25 in function memcmp


SUMMARY:
 ** 1 of 16 failed (15 undetermined)

 ** 1 of 1 cover properties satisfied

Failed Checks: unwinding assertion loop 0
 File: "<builtin-library-memcmp>", line 25, in memcmp

VERIFICATION:- FAILED
[Kani] info: Verification output shows one or more unwinding failures.
[Kani] tip: Consider increasing the unwinding value or disabling `--unwinding-assertions`.
Verification Time: 0.04984592s

Manual Harness Summary:
Verification failed for - kani_idempotency_gates::idempotency_divergent_digest_symbolic_certificate_rejected
Complete - 0 successfully verified harnesses, 1 failures, 1 total.

EXIT_CODE=1
