"empty" # Uses: 682
"\026\000\000\000" # Uses: 652
"AAAe" # Uses: 593
"\003\000\000\000\000\000\000\000" # Uses: 600
"r2" # Uses: 612
"pp" # Uses: 587
"\\\000\000\000\000\000\000\000" # Uses: 512
"e2mpty" # Uses: 517
"\377\377\377\017" # Uses: 494
"\001\000\000\000\000\000\000v" # Uses: 488
"\001\000\000\012" # Uses: 478
"\177\000\000\000\000\000\000\000" # Uses: 407
"vs" # Uses: 410
"\022\000\000\000" # Uses: 262
"esixst" # Uses: 207
"f13" # Uses: 182
"exnull" # Uses: 69
"\001\000\000\000\000\000\0006" # Uses: 39
###### End of recommended dictionary. ######
Done 6292557 runs in 61 second(s)
