"3333333\003" # Uses: 376
"00" # Uses: 267
"\333\273o" # Uses: 253
"\001:" # Uses: 273
"!..........lain.nn" # Uses: 201
"\0012" # Uses: 220
"6.1  kesteps" # Uses: 199
"map_sion" # Uses: 218
"n\000\000\000" # Uses: 196
"\202\000\000\000\000\000\000\000" # Uses: 195
"2\330\357\377" # Uses: 213
"bool_val" # Uses: 178
"\000\000{]\345\347\215\000" # Uses: 162
"ni" # Uses: 157
"76" # Uses: 65
"yes" # Uses: 36
"\001D" # Uses: 19
"9\000\000\000" # Uses: 1
###### End of recommended dictionary. ######
Done 865502 runs in 61 second(s)
