reading file "/home/lewis/src/velvet-ballistics/evidence/benchmark-logs/raw/ipc_frame_decode.heaptrack.zst" - please wait, this might take some time...
Debuggee command was: /home/lewis/src/velvet-ballistics/target/bench-build/release/deps/velvet_ballistics-226e26dbf5eb6c03 --measurement-time 1 --warm-up-time 1 ipc_frame_decode
finished reading file, now analyzing data:

MOST CALLS TO ALLOCATION FUNCTIONS
80847 calls to allocation functions with 5.08M peak consumption from
0x55ed063f019b
  in /home/lewis/src/velvet-ballistics/target/bench-build/release/deps/velvet_ballistics-226e26dbf5eb6c03
5012 calls with 0B peak consumption from:
    0x55ed064ce5c4
      in /home/lewis/src/velvet-ballistics/target/bench-build/release/deps/velvet_ballistics-226e26dbf5eb6c03
    0x55ed0649af67
      in /home/lewis/src/velvet-ballistics/target/bench-build/release/deps/velvet_ballistics-226e26dbf5eb6c03
    0x55ed0640bf76
      in /home/lewis/src/velvet-ballistics/target/bench-build/release/deps/velvet_ballistics-226e26dbf5eb6c03
    0x55ed0656889d
      in /home/lewis/src/velvet-ballistics/target/bench-build/release/deps/velvet_ballistics-226e26dbf5eb6c03
    0x55ed06551e10
      in /home/lewis/src/velvet-ballistics/target/bench-build/release/deps/velvet_ballistics-226e26dbf5eb6c03
    0x55ed065146b2
      in /home/lewis/src/velvet-ballistics/target/bench-build/release/deps/velvet_ballistics-226e26dbf5eb6c03
    0x55ed0651b4e8
      in /home/lewis/src/velvet-ballistics/target/bench-build/release/deps/velvet_ballistics-226e26dbf5eb6c03
    0x55ed063e7226
      in /home/lewis/src/velvet-ballistics/target/bench-build/release/deps/velvet_ballistics-226e26dbf5eb6c03
    0x55ed0661a40b
      in /home/lewis/src/velvet-ballistics/target/bench-build/release/deps/velvet_ballistics-226e26dbf5eb6c03
    0x7f36dce27740
      in /usr/lib/libc.so.6
    __libc_start_main
      in /usr/lib/libc.so.6
5012 calls with 0B peak consumption from:
    0x55ed064cecea
      in /home/lewis/src/velvet-ballistics/target/bench-build/release/deps/velvet_ballistics-226e26dbf5eb6c03
    0x55ed0649af67
      in /home/lewis/src/velvet-ballistics/target/bench-build/release/deps/velvet_ballistics-226e26dbf5eb6c03
    0x55ed0640bf76
      in /home/lewis/src/velvet-ballistics/target/bench-build/release/deps/velvet_ballistics-226e26dbf5eb6c03
    0x55ed0656889d
      in /home/lewis/src/velvet-ballistics/target/bench-build/release/deps/velvet_ballistics-226e26dbf5eb6c03
    0x55ed06551e10
      in /home/lewis/src/velvet-ballistics/target/bench-build/release/deps/velvet_ballistics-226e26dbf5eb6c03
    0x55ed065146b2
      in /home/lewis/src/velvet-ballistics/target/bench-build/release/deps/velvet_ballistics-226e26dbf5eb6c03
    0x55ed0651b4e8
      in /home/lewis/src/velvet-ballistics/target/bench-build/release/deps/velvet_ballistics-226e26dbf5eb6c03
    0x55ed063e7226
      in /home/lewis/src/velvet-ballistics/target/bench-build/release/deps/velvet_ballistics-226e26dbf5eb6c03
    0x55ed0661a40b
      in /home/lewis/src/velvet-ballistics/target/bench-build/release/deps/velvet_ballistics-226e26dbf5eb6c03
    0x7f36dce27740
      in /usr/lib/libc.so.6
    __libc_start_main
      in /usr/lib/libc.so.6
3006 calls with 0B peak consumption from:
    0x55ed064a9079
      in /home/lewis/src/velvet-ballistics/target/bench-build/release/deps/velvet_ballistics-226e26dbf5eb6c03
    0x55ed064a674c
      in /home/lewis/src/velvet-ballistics/target/bench-build/release/deps/velvet_ballistics-226e26dbf5eb6c03
    0x55ed064cdfeb
      in /home/lewis/src/velvet-ballistics/target/bench-build/release/deps/velvet_ballistics-226e26dbf5eb6c03
    0x55ed0649af67
      in /home/lewis/src/velvet-ballistics/target/bench-build/release/deps/velvet_ballistics-226e26dbf5eb6c03
    0x55ed0640bf76
      in /home/lewis/src/velvet-ballistics/target/bench-build/release/deps/velvet_ballistics-226e26dbf5eb6c03
    0x55ed0656889d
      in /home/lewis/src/velvet-ballistics/target/bench-build/release/deps/velvet_ballistics-226e26dbf5eb6c03
    0x55ed06551e10
      in /home/lewis/src/velvet-ballistics/target/bench-build/release/deps/velvet_ballistics-226e26dbf5eb6c03
    0x55ed065146b2
      in /home/lewis/src/velvet-ballistics/target/bench-build/release/deps/velvet_ballistics-226e26dbf5eb6c03
    0x55ed0651b4e8
      in /home/lewis/src/velvet-ballistics/target/bench-build/release/deps/velvet_ballistics-226e26dbf5eb6c03
    0x55ed063e7226
      in /home/lewis/src/velvet-ballistics/target/bench-build/release/deps/velvet_ballistics-226e26dbf5eb6c03
    0x55ed0661a40b
      in /home/lewis/src/velvet-ballistics/target/bench-build/release/deps/velvet_ballistics-226e26dbf5eb6c03
    0x7f36dce27740
      in /usr/lib/libc.so.6
    __libc_start_main
      in /usr/lib/libc.so.6
3006 calls with 0B peak consumption from:
    0x55ed0649a2e8
      in /home/lewis/src/velvet-ballistics/target/bench-build/release/deps/velvet_ballistics-226e26dbf5eb6c03
    0x55ed064c26ad
      in /home/lewis/src/velvet-ballistics/target/bench-build/release/deps/velvet_ballistics-226e26dbf5eb6c03
    0x55ed064a9079
      in /home/lewis/src/velvet-ballistics/target/bench-build/release/deps/velvet_ballistics-226e26dbf5eb6c03
    0x55ed064a674c
      in /home/lewis/src/velvet-ballistics/target/bench-build/release/deps/velvet_ballistics-226e26dbf5eb6c03
    0x55ed064cdfeb
      in /home/lewis/src/velvet-ballistics/target/bench-build/release/deps/velvet_ballistics-226e26dbf5eb6c03
    0x55ed0649af67
      in /home/lewis/src/velvet-ballistics/target/bench-build/release/deps/velvet_ballistics-226e26dbf5eb6c03
    0x55ed0640bf76
      in /home/lewis/src/velvet-ballistics/target/bench-build/release/deps/velvet_ballistics-226e26dbf5eb6c03
    0x55ed0656889d
      in /home/lewis/src/velvet-ballistics/target/bench-build/release/deps/velvet_ballistics-226e26dbf5eb6c03
    0x55ed06551e10
      in /home/lewis/src/velvet-ballistics/target/bench-build/release/deps/velvet_ballistics-226e26dbf5eb6c03
    0x55ed065146b2
      in /home/lewis/src/velvet-ballistics/target/bench-build/release/deps/velvet_ballistics-226e26dbf5eb6c03
    0x55ed0651b4e8
      in /home/lewis/src/velvet-ballistics/target/bench-build/release/deps/velvet_ballistics-226e26dbf5eb6c03
    0x55ed063e7226
      in /home/lewis/src/velvet-ballistics/target/bench-build/release/deps/velvet_ballistics-226e26dbf5eb6c03
    0x55ed0661a40b
      in /home/lewis/src/velvet-ballistics/target/bench-build/release/deps/velvet_ballistics-226e26dbf5eb6c03
    0x7f36dce27740
      in /usr/lib/libc.so.6
    __libc_start_main
      in /usr/lib/libc.so.6
3000 calls with 0B peak consumption from:
    0x55ed06101632
      in /home/lewis/src/velvet-ballistics/target/bench-build/release/deps/velvet_ballistics-226e26dbf5eb6c03
    0x55ed06469f9f
      in /home/lewis/src/velvet-ballistics/target/bench-build/release/deps/velvet_ballistics-226e26dbf5eb6c03
    0x55ed0647d877
      in /home/lewis/src/velvet-ballistics/target/bench-build/release/deps/velvet_ballistics-226e26dbf5eb6c03
    0x55ed06544dd3
      in /home/lewis/src/velvet-ballistics/target/bench-build/release/deps/velvet_ballistics-226e26dbf5eb6c03
    0x55ed06557cf8
      in /home/lewis/src/velvet-ballistics/target/bench-build/release/deps/velvet_ballistics-226e26dbf5eb6c03
    0x55ed06551e10
      in /home/lewis/src/velvet-ballistics/target/bench-build/release/deps/velvet_ballistics-226e26dbf5eb6c03
    0x55ed065146b2
      in /home/lewis/src/velvet-ballistics/target/bench-build/release/deps/velvet_ballistics-226e26dbf5eb6c03
    0x55ed0651b4e8
      in /home/lewis/src/velvet-ballistics/target/bench-build/release/deps/velvet_ballistics-226e26dbf5eb6c03
    0x55ed063e7226
      in /home/lewis/src/velvet-ballistics/target/bench-build/release/deps/velvet_ballistics-226e26dbf5eb6c03
    0x55ed0661a40b
      in /home/lewis/src/velvet-ballistics/target/bench-build/release/deps/velvet_ballistics-226e26dbf5eb6c03
    0x7f36dce27740
      in /usr/lib/libc.so.6
    __libc_start_main
      in /usr/lib/libc.so.6
  and 61811 from 26681 other places

227 calls to allocation functions with 0B peak consumption from
0x7f36dce81faf
  in /usr/lib/libc.so.6
28 calls with 0B peak consumption from:
    pthread_attr_setaffinity_np
      in /usr/lib/libc.so.6
    pthread_getattr_np
      in /usr/lib/libc.so.6
    0x55ed063f160e
      in /home/lewis/src/velvet-ballistics/target/bench-build/release/deps/velvet_ballistics-226e26dbf5eb6c03
    0x55ed063f1d69
      in /home/lewis/src/velvet-ballistics/target/bench-build/release/deps/velvet_ballistics-226e26dbf5eb6c03
    0x7f36dce981b8
      in /usr/lib/libc.so.6
    0x7f36dcf1d21b
      in /usr/lib/libc.so.6
15 calls with 0B peak consumption from:
    fdopendir
      in /usr/lib/libc.so.6
    0x55ed063ee734
      in /home/lewis/src/velvet-ballistics/target/bench-build/release/deps/velvet_ballistics-226e26dbf5eb6c03
    0x55ed063ee8cf
      in /home/lewis/src/velvet-ballistics/target/bench-build/release/deps/velvet_ballistics-226e26dbf5eb6c03
    0x55ed063ee8cf
      in /home/lewis/src/velvet-ballistics/target/bench-build/release/deps/velvet_ballistics-226e26dbf5eb6c03
    0x55ed063ee8cf
      in /home/lewis/src/velvet-ballistics/target/bench-build/release/deps/velvet_ballistics-226e26dbf5eb6c03
    0x55ed063e9387
      in /home/lewis/src/velvet-ballistics/target/bench-build/release/deps/velvet_ballistics-226e26dbf5eb6c03
    0x55ed063fed4d
      in /home/lewis/src/velvet-ballistics/target/bench-build/release/deps/velvet_ballistics-226e26dbf5eb6c03
    0x55ed0653e63f
      in /home/lewis/src/velvet-ballistics/target/bench-build/release/deps/velvet_ballistics-226e26dbf5eb6c03
    0x55ed0656cec9
      in /home/lewis/src/velvet-ballistics/target/bench-build/release/deps/velvet_ballistics-226e26dbf5eb6c03
    0x55ed06551e10
      in /home/lewis/src/velvet-ballistics/target/bench-build/release/deps/velvet_ballistics-226e26dbf5eb6c03
    0x55ed065146b2
      in /home/lewis/src/velvet-ballistics/target/bench-build/release/deps/velvet_ballistics-226e26dbf5eb6c03
    0x55ed0651b4e8
      in /home/lewis/src/velvet-ballistics/target/bench-build/release/deps/velvet_ballistics-226e26dbf5eb6c03
    0x55ed063e7226
      in /home/lewis/src/velvet-ballistics/target/bench-build/release/deps/velvet_ballistics-226e26dbf5eb6c03
    0x55ed0661a40b
      in /home/lewis/src/velvet-ballistics/target/bench-build/release/deps/velvet_ballistics-226e26dbf5eb6c03
    0x7f36dce27740
      in /usr/lib/libc.so.6
    __libc_start_main
      in /usr/lib/libc.so.6
15 calls with 0B peak consumption from:
    fdopendir
      in /usr/lib/libc.so.6
    0x55ed063ee734
      in /home/lewis/src/velvet-ballistics/target/bench-build/release/deps/velvet_ballistics-226e26dbf5eb6c03
    0x55ed063ee8cf
      in /home/lewis/src/velvet-ballistics/target/bench-build/release/deps/velvet_ballistics-226e26dbf5eb6c03
    0x55ed063ee8cf
      in /home/lewis/src/velvet-ballistics/target/bench-build/release/deps/velvet_ballistics-226e26dbf5eb6c03
    0x55ed063ee8cf
      in /home/lewis/src/velvet-ballistics/target/bench-build/release/deps/velvet_ballistics-226e26dbf5eb6c03
    0x55ed063e9387
      in /home/lewis/src/velvet-ballistics/target/bench-build/release/deps/velvet_ballistics-226e26dbf5eb6c03
    0x55ed063fed4d
      in /home/lewis/src/velvet-ballistics/target/bench-build/release/deps/velvet_ballistics-226e26dbf5eb6c03
    0x55ed06535eef
      in /home/lewis/src/velvet-ballistics/target/bench-build/release/deps/velvet_ballistics-226e26dbf5eb6c03
    0x55ed0656cec9
      in /home/lewis/src/velvet-ballistics/target/bench-build/release/deps/velvet_ballistics-226e26dbf5eb6c03
    0x55ed06551e10
      in /home/lewis/src/velvet-ballistics/target/bench-build/release/deps/velvet_ballistics-226e26dbf5eb6c03
    0x55ed065146b2
      in /home/lewis/src/velvet-ballistics/target/bench-build/release/deps/velvet_ballistics-226e26dbf5eb6c03
    0x55ed0651b4e8
      in /home/lewis/src/velvet-ballistics/target/bench-build/release/deps/velvet_ballistics-226e26dbf5eb6c03
    0x55ed063e7226
      in /home/lewis/src/velvet-ballistics/target/bench-build/release/deps/velvet_ballistics-226e26dbf5eb6c03
    0x55ed0661a40b
      in /home/lewis/src/velvet-ballistics/target/bench-build/release/deps/velvet_ballistics-226e26dbf5eb6c03
    0x7f36dce27740
      in /usr/lib/libc.so.6
    __libc_start_main
      in /usr/lib/libc.so.6
15 calls with 0B peak consumption from:
    fdopendir
      in /usr/lib/libc.so.6
    0x55ed063ee734
      in /home/lewis/src/velvet-ballistics/target/bench-build/release/deps/velvet_ballistics-226e26dbf5eb6c03
    0x55ed063ee8cf
      in /home/lewis/src/velvet-ballistics/target/bench-build/release/deps/velvet_ballistics-226e26dbf5eb6c03
    0x55ed063ee8cf
      in /home/lewis/src/velvet-ballistics/target/bench-build/release/deps/velvet_ballistics-226e26dbf5eb6c03
    0x55ed063ee8cf
      in /home/lewis/src/velvet-ballistics/target/bench-build/release/deps/velvet_ballistics-226e26dbf5eb6c03
    0x55ed063e9387
      in /home/lewis/src/velvet-ballistics/target/bench-build/release/deps/velvet_ballistics-226e26dbf5eb6c03
    0x55ed063fed4d
      in /home/lewis/src/velvet-ballistics/target/bench-build/release/deps/velvet_ballistics-226e26dbf5eb6c03
    0x55ed0653df20
      in /home/lewis/src/velvet-ballistics/target/bench-build/release/deps/velvet_ballistics-226e26dbf5eb6c03
    0x55ed0656cec9
      in /home/lewis/src/velvet-ballistics/target/bench-build/release/deps/velvet_ballistics-226e26dbf5eb6c03
    0x55ed06551e10
      in /home/lewis/src/velvet-ballistics/target/bench-build/release/deps/velvet_ballistics-226e26dbf5eb6c03
    0x55ed065146b2
      in /home/lewis/src/velvet-ballistics/target/bench-build/release/deps/velvet_ballistics-226e26dbf5eb6c03
    0x55ed0651b4e8
      in /home/lewis/src/velvet-ballistics/target/bench-build/release/deps/velvet_ballistics-226e26dbf5eb6c03
    0x55ed063e7226
      in /home/lewis/src/velvet-ballistics/target/bench-build/release/deps/velvet_ballistics-226e26dbf5eb6c03
    0x55ed0661a40b
      in /home/lewis/src/velvet-ballistics/target/bench-build/release/deps/velvet_ballistics-226e26dbf5eb6c03
    0x7f36dce27740
      in /usr/lib/libc.so.6
    __libc_start_main
      in /usr/lib/libc.so.6
15 calls with 0B peak consumption from:
    fdopendir
      in /usr/lib/libc.so.6
    0x55ed063ee734
      in /home/lewis/src/velvet-ballistics/target/bench-build/release/deps/velvet_ballistics-226e26dbf5eb6c03
    0x55ed063ee8cf
      in /home/lewis/src/velvet-ballistics/target/bench-build/release/deps/velvet_ballistics-226e26dbf5eb6c03
    0x55ed063ee8cf
      in /home/lewis/src/velvet-ballistics/target/bench-build/release/deps/velvet_ballistics-226e26dbf5eb6c03
    0x55ed063ee8cf
      in /home/lewis/src/velvet-ballistics/target/bench-build/release/deps/velvet_ballistics-226e26dbf5eb6c03
    0x55ed063e9387
      in /home/lewis/src/velvet-ballistics/target/bench-build/release/deps/velvet_ballistics-226e26dbf5eb6c03
    0x55ed063fed4d
      in /home/lewis/src/velvet-ballistics/target/bench-build/release/deps/velvet_ballistics-226e26dbf5eb6c03
    0x55ed0654b33b
      in /home/lewis/src/velvet-ballistics/target/bench-build/release/deps/velvet_ballistics-226e26dbf5eb6c03
    0x55ed06557cf8
      in /home/lewis/src/velvet-ballistics/target/bench-build/release/deps/velvet_ballistics-226e26dbf5eb6c03
    0x55ed06551e10
      in /home/lewis/src/velvet-ballistics/target/bench-build/release/deps/velvet_ballistics-226e26dbf5eb6c03
    0x55ed065146b2
      in /home/lewis/src/velvet-ballistics/target/bench-build/release/deps/velvet_ballistics-226e26dbf5eb6c03
    0x55ed0651b4e8
      in /home/lewis/src/velvet-ballistics/target/bench-build/release/deps/velvet_ballistics-226e26dbf5eb6c03
    0x55ed063e7226
      in /home/lewis/src/velvet-ballistics/target/bench-build/release/deps/velvet_ballistics-226e26dbf5eb6c03
    0x55ed0661a40b
      in /home/lewis/src/velvet-ballistics/target/bench-build/release/deps/velvet_ballistics-226e26dbf5eb6c03
    0x7f36dce27740
      in /usr/lib/libc.so.6
    __libc_start_main
      in /usr/lib/libc.so.6
  and 139 from 27 other places

30 calls to allocation functions with 64B peak consumption from
__cxa_thread_atexit_impl
  in /usr/lib/libc.so.6
28 calls with 0B peak consumption from:
    0x55ed063dde27
      in /home/lewis/src/velvet-ballistics/target/bench-build/release/deps/velvet_ballistics-226e26dbf5eb6c03
    0x55ed0622debc
      in /home/lewis/src/velvet-ballistics/target/bench-build/release/deps/velvet_ballistics-226e26dbf5eb6c03
    0x55ed06238313
      in /home/lewis/src/velvet-ballistics/target/bench-build/release/deps/velvet_ballistics-226e26dbf5eb6c03
    0x55ed063f1d73
      in /home/lewis/src/velvet-ballistics/target/bench-build/release/deps/velvet_ballistics-226e26dbf5eb6c03
    0x7f36dce981b8
      in /usr/lib/libc.so.6
    0x7f36dcf1d21b
      in /usr/lib/libc.so.6
1 calls with 32B peak consumption from:
    0x55ed063ec772
      in /home/lewis/src/velvet-ballistics/target/bench-build/release/deps/velvet_ballistics-226e26dbf5eb6c03
    0x55ed0625ea20
      in /home/lewis/src/velvet-ballistics/target/bench-build/release/deps/velvet_ballistics-226e26dbf5eb6c03
    0x55ed0624b923
      in /home/lewis/src/velvet-ballistics/target/bench-build/release/deps/velvet_ballistics-226e26dbf5eb6c03
    0x55ed06242c19
      in /home/lewis/src/velvet-ballistics/target/bench-build/release/deps/velvet_ballistics-226e26dbf5eb6c03
    0x55ed062433a7
      in /home/lewis/src/velvet-ballistics/target/bench-build/release/deps/velvet_ballistics-226e26dbf5eb6c03
    0x55ed062434f4
      in /home/lewis/src/velvet-ballistics/target/bench-build/release/deps/velvet_ballistics-226e26dbf5eb6c03
    0x55ed064ffcef
      in /home/lewis/src/velvet-ballistics/target/bench-build/release/deps/velvet_ballistics-226e26dbf5eb6c03
    0x55ed06544a66
      in /home/lewis/src/velvet-ballistics/target/bench-build/release/deps/velvet_ballistics-226e26dbf5eb6c03
    0x55ed06557cf8
      in /home/lewis/src/velvet-ballistics/target/bench-build/release/deps/velvet_ballistics-226e26dbf5eb6c03
    0x55ed06551e10
      in /home/lewis/src/velvet-ballistics/target/bench-build/release/deps/velvet_ballistics-226e26dbf5eb6c03
    0x55ed065146b2
      in /home/lewis/src/velvet-ballistics/target/bench-build/release/deps/velvet_ballistics-226e26dbf5eb6c03
    0x55ed0651b4e8
      in /home/lewis/src/velvet-ballistics/target/bench-build/release/deps/velvet_ballistics-226e26dbf5eb6c03
    0x55ed063e7226
      in /home/lewis/src/velvet-ballistics/target/bench-build/release/deps/velvet_ballistics-226e26dbf5eb6c03
    0x55ed0661a40b
      in /home/lewis/src/velvet-ballistics/target/bench-build/release/deps/velvet_ballistics-226e26dbf5eb6c03
    0x7f36dce27740
      in /usr/lib/libc.so.6
    __libc_start_main
      in /usr/lib/libc.so.6
1 calls with 32B peak consumption from:
    0x55ed0626cd0f
      in /home/lewis/src/velvet-ballistics/target/bench-build/release/deps/velvet_ballistics-226e26dbf5eb6c03
    0x55ed062712e6
      in /home/lewis/src/velvet-ballistics/target/bench-build/release/deps/velvet_ballistics-226e26dbf5eb6c03
    0x55ed06287085
      in /home/lewis/src/velvet-ballistics/target/bench-build/release/deps/velvet_ballistics-226e26dbf5eb6c03
    0x55ed062a1701
      in /home/lewis/src/velvet-ballistics/target/bench-build/release/deps/velvet_ballistics-226e26dbf5eb6c03
    0x55ed062ca020
      in /home/lewis/src/velvet-ballistics/target/bench-build/release/deps/velvet_ballistics-226e26dbf5eb6c03
    0x55ed0647d5c5
      in /home/lewis/src/velvet-ballistics/target/bench-build/release/deps/velvet_ballistics-226e26dbf5eb6c03
    0x55ed06544dd3
      in /home/lewis/src/velvet-ballistics/target/bench-build/release/deps/velvet_ballistics-226e26dbf5eb6c03
    0x55ed06557cf8
      in /home/lewis/src/velvet-ballistics/target/bench-build/release/deps/velvet_ballistics-226e26dbf5eb6c03
    0x55ed06551e10
      in /home/lewis/src/velvet-ballistics/target/bench-build/release/deps/velvet_ballistics-226e26dbf5eb6c03
    0x55ed065146b2
      in /home/lewis/src/velvet-ballistics/target/bench-build/release/deps/velvet_ballistics-226e26dbf5eb6c03
    0x55ed0651b4e8
      in /home/lewis/src/velvet-ballistics/target/bench-build/release/deps/velvet_ballistics-226e26dbf5eb6c03
    0x55ed063e7226
      in /home/lewis/src/velvet-ballistics/target/bench-build/release/deps/velvet_ballistics-226e26dbf5eb6c03
    0x55ed0661a40b
      in /home/lewis/src/velvet-ballistics/target/bench-build/release/deps/velvet_ballistics-226e26dbf5eb6c03
    0x7f36dce27740
      in /usr/lib/libc.so.6
    __libc_start_main
      in /usr/lib/libc.so.6

29 calls to allocation functions with 0B peak consumption from
pthread_getattr_np
  in /usr/lib/libc.so.6
28 calls with 0B peak consumption from:
    0x55ed063f160e
      in /home/lewis/src/velvet-ballistics/target/bench-build/release/deps/velvet_ballistics-226e26dbf5eb6c03
    0x55ed063f1d69
      in /home/lewis/src/velvet-ballistics/target/bench-build/release/deps/velvet_ballistics-226e26dbf5eb6c03
    0x7f36dce981b8
      in /usr/lib/libc.so.6
    0x7f36dcf1d21b
      in /usr/lib/libc.so.6
1 calls with 0B peak consumption from:
    0x55ed063e702d
      in /home/lewis/src/velvet-ballistics/target/bench-build/release/deps/velvet_ballistics-226e26dbf5eb6c03
    0x55ed0661a40b
      in /home/lewis/src/velvet-ballistics/target/bench-build/release/deps/velvet_ballistics-226e26dbf5eb6c03
    0x7f36dce27740
      in /usr/lib/libc.so.6
    __libc_start_main
      in /usr/lib/libc.so.6

29 calls to allocation functions with 0B peak consumption from
pthread_attr_setaffinity_np
  in /usr/lib/libc.so.6
28 calls with 0B peak consumption from:
    pthread_getattr_np
      in /usr/lib/libc.so.6
    0x55ed063f160e
      in /home/lewis/src/velvet-ballistics/target/bench-build/release/deps/velvet_ballistics-226e26dbf5eb6c03
    0x55ed063f1d69
      in /home/lewis/src/velvet-ballistics/target/bench-build/release/deps/velvet_ballistics-226e26dbf5eb6c03
    0x7f36dce981b8
      in /usr/lib/libc.so.6
    0x7f36dcf1d21b
      in /usr/lib/libc.so.6
1 calls with 0B peak consumption from:
    pthread_getattr_np
      in /usr/lib/libc.so.6
    0x55ed063e702d
      in /home/lewis/src/velvet-ballistics/target/bench-build/release/deps/velvet_ballistics-226e26dbf5eb6c03
    0x55ed0661a40b
      in /home/lewis/src/velvet-ballistics/target/bench-build/release/deps/velvet_ballistics-226e26dbf5eb6c03
    0x7f36dce27740
      in /usr/lib/libc.so.6
    __libc_start_main
      in /usr/lib/libc.so.6

8 calls to allocation functions with 2.82K peak consumption from
0x7f36dd2aff7f
  in /lib64/ld-linux-x86-64.so.2
3 calls with 1.06K peak consumption from:
    _dl_allocate_tls
      in /lib64/ld-linux-x86-64.so.2
    pthread_create
      in /usr/lib/libc.so.6
    0x55ed063d4f13
      in /home/lewis/src/velvet-ballistics/target/bench-build/release/deps/velvet_ballistics-226e26dbf5eb6c03
    0x55ed0625ec41
      in /home/lewis/src/velvet-ballistics/target/bench-build/release/deps/velvet_ballistics-226e26dbf5eb6c03
    0x55ed0624ba20
      in /home/lewis/src/velvet-ballistics/target/bench-build/release/deps/velvet_ballistics-226e26dbf5eb6c03
    0x55ed06242c19
      in /home/lewis/src/velvet-ballistics/target/bench-build/release/deps/velvet_ballistics-226e26dbf5eb6c03
    0x55ed062433a7
      in /home/lewis/src/velvet-ballistics/target/bench-build/release/deps/velvet_ballistics-226e26dbf5eb6c03
    0x55ed062434f4
      in /home/lewis/src/velvet-ballistics/target/bench-build/release/deps/velvet_ballistics-226e26dbf5eb6c03
    0x55ed064ffcef
      in /home/lewis/src/velvet-ballistics/target/bench-build/release/deps/velvet_ballistics-226e26dbf5eb6c03
    0x55ed06544a66
      in /home/lewis/src/velvet-ballistics/target/bench-build/release/deps/velvet_ballistics-226e26dbf5eb6c03
    0x55ed06557cf8
      in /home/lewis/src/velvet-ballistics/target/bench-build/release/deps/velvet_ballistics-226e26dbf5eb6c03
    0x55ed06551e10
      in /home/lewis/src/velvet-ballistics/target/bench-build/release/deps/velvet_ballistics-226e26dbf5eb6c03
    0x55ed065146b2
      in /home/lewis/src/velvet-ballistics/target/bench-build/release/deps/velvet_ballistics-226e26dbf5eb6c03
    0x55ed0651b4e8
      in /home/lewis/src/velvet-ballistics/target/bench-build/release/deps/velvet_ballistics-226e26dbf5eb6c03
    0x55ed063e7226
      in /home/lewis/src/velvet-ballistics/target/bench-build/release/deps/velvet_ballistics-226e26dbf5eb6c03
    0x55ed0661a40b
      in /home/lewis/src/velvet-ballistics/target/bench-build/release/deps/velvet_ballistics-226e26dbf5eb6c03
    0x7f36dce27740
      in /usr/lib/libc.so.6
    __libc_start_main
      in /usr/lib/libc.so.6
3 calls with 1.06K peak consumption from:
    _dl_allocate_tls
      in /lib64/ld-linux-x86-64.so.2
    pthread_create
      in /usr/lib/libc.so.6
    0x55ed063d4f13
      in /home/lewis/src/velvet-ballistics/target/bench-build/release/deps/velvet_ballistics-226e26dbf5eb6c03
    0x55ed0625ec41
      in /home/lewis/src/velvet-ballistics/target/bench-build/release/deps/velvet_ballistics-226e26dbf5eb6c03
    0x55ed0624ba20
      in /home/lewis/src/velvet-ballistics/target/bench-build/release/deps/velvet_ballistics-226e26dbf5eb6c03
    0x55ed06242c19
      in /home/lewis/src/velvet-ballistics/target/bench-build/release/deps/velvet_ballistics-226e26dbf5eb6c03
    0x55ed062433a7
      in /home/lewis/src/velvet-ballistics/target/bench-build/release/deps/velvet_ballistics-226e26dbf5eb6c03
    0x55ed062434f4
      in /home/lewis/src/velvet-ballistics/target/bench-build/release/deps/velvet_ballistics-226e26dbf5eb6c03
    0x55ed064ffcef
      in /home/lewis/src/velvet-ballistics/target/bench-build/release/deps/velvet_ballistics-226e26dbf5eb6c03
    0x55ed06544c4c
      in /home/lewis/src/velvet-ballistics/target/bench-build/release/deps/velvet_ballistics-226e26dbf5eb6c03
    0x55ed06557cf8
      in /home/lewis/src/velvet-ballistics/target/bench-build/release/deps/velvet_ballistics-226e26dbf5eb6c03
    0x55ed06551e10
      in /home/lewis/src/velvet-ballistics/target/bench-build/release/deps/velvet_ballistics-226e26dbf5eb6c03
    0x55ed065146b2
      in /home/lewis/src/velvet-ballistics/target/bench-build/release/deps/velvet_ballistics-226e26dbf5eb6c03
    0x55ed0651b4e8
      in /home/lewis/src/velvet-ballistics/target/bench-build/release/deps/velvet_ballistics-226e26dbf5eb6c03
    0x55ed063e7226
      in /home/lewis/src/velvet-ballistics/target/bench-build/release/deps/velvet_ballistics-226e26dbf5eb6c03
    0x55ed0661a40b
      in /home/lewis/src/velvet-ballistics/target/bench-build/release/deps/velvet_ballistics-226e26dbf5eb6c03
    0x7f36dce27740
      in /usr/lib/libc.so.6
    __libc_start_main
      in /usr/lib/libc.so.6
1 calls with 352B peak consumption from:
    _dl_allocate_tls
      in /lib64/ld-linux-x86-64.so.2
    pthread_create
      in /usr/lib/libc.so.6
    0x55ed063d4f13
      in /home/lewis/src/velvet-ballistics/target/bench-build/release/deps/velvet_ballistics-226e26dbf5eb6c03
    0x55ed0625ec41
      in /home/lewis/src/velvet-ballistics/target/bench-build/release/deps/velvet_ballistics-226e26dbf5eb6c03
    0x55ed0624b923
      in /home/lewis/src/velvet-ballistics/target/bench-build/release/deps/velvet_ballistics-226e26dbf5eb6c03
    0x55ed06242c19
      in /home/lewis/src/velvet-ballistics/target/bench-build/release/deps/velvet_ballistics-226e26dbf5eb6c03
    0x55ed062433a7
      in /home/lewis/src/velvet-ballistics/target/bench-build/release/deps/velvet_ballistics-226e26dbf5eb6c03
    0x55ed062434f4
      in /home/lewis/src/velvet-ballistics/target/bench-build/release/deps/velvet_ballistics-226e26dbf5eb6c03
    0x55ed064ffcef
      in /home/lewis/src/velvet-ballistics/target/bench-build/release/deps/velvet_ballistics-226e26dbf5eb6c03
    0x55ed06544a66
      in /home/lewis/src/velvet-ballistics/target/bench-build/release/deps/velvet_ballistics-226e26dbf5eb6c03
    0x55ed06557cf8
      in /home/lewis/src/velvet-ballistics/target/bench-build/release/deps/velvet_ballistics-226e26dbf5eb6c03
    0x55ed06551e10
      in /home/lewis/src/velvet-ballistics/target/bench-build/release/deps/velvet_ballistics-226e26dbf5eb6c03
    0x55ed065146b2
      in /home/lewis/src/velvet-ballistics/target/bench-build/release/deps/velvet_ballistics-226e26dbf5eb6c03
    0x55ed0651b4e8
      in /home/lewis/src/velvet-ballistics/target/bench-build/release/deps/velvet_ballistics-226e26dbf5eb6c03
    0x55ed063e7226
      in /home/lewis/src/velvet-ballistics/target/bench-build/release/deps/velvet_ballistics-226e26dbf5eb6c03
    0x55ed0661a40b
      in /home/lewis/src/velvet-ballistics/target/bench-build/release/deps/velvet_ballistics-226e26dbf5eb6c03
    0x7f36dce27740
      in /usr/lib/libc.so.6
    __libc_start_main
      in /usr/lib/libc.so.6
1 calls with 352B peak consumption from:
    _dl_allocate_tls
      in /lib64/ld-linux-x86-64.so.2
    pthread_create
      in /usr/lib/libc.so.6
    0x55ed063d4f13
      in /home/lewis/src/velvet-ballistics/target/bench-build/release/deps/velvet_ballistics-226e26dbf5eb6c03
    0x55ed0625ec41
      in /home/lewis/src/velvet-ballistics/target/bench-build/release/deps/velvet_ballistics-226e26dbf5eb6c03
    0x55ed0624b923
      in /home/lewis/src/velvet-ballistics/target/bench-build/release/deps/velvet_ballistics-226e26dbf5eb6c03
    0x55ed06242c19
      in /home/lewis/src/velvet-ballistics/target/bench-build/release/deps/velvet_ballistics-226e26dbf5eb6c03
    0x55ed062433a7
      in /home/lewis/src/velvet-ballistics/target/bench-build/release/deps/velvet_ballistics-226e26dbf5eb6c03
    0x55ed062434f4
      in /home/lewis/src/velvet-ballistics/target/bench-build/release/deps/velvet_ballistics-226e26dbf5eb6c03
    0x55ed064ffcef
      in /home/lewis/src/velvet-ballistics/target/bench-build/release/deps/velvet_ballistics-226e26dbf5eb6c03
    0x55ed06544c4c
      in /home/lewis/src/velvet-ballistics/target/bench-build/release/deps/velvet_ballistics-226e26dbf5eb6c03
    0x55ed06557cf8
      in /home/lewis/src/velvet-ballistics/target/bench-build/release/deps/velvet_ballistics-226e26dbf5eb6c03
    0x55ed06551e10
      in /home/lewis/src/velvet-ballistics/target/bench-build/release/deps/velvet_ballistics-226e26dbf5eb6c03
    0x55ed065146b2
      in /home/lewis/src/velvet-ballistics/target/bench-build/release/deps/velvet_ballistics-226e26dbf5eb6c03
    0x55ed0651b4e8
      in /home/lewis/src/velvet-ballistics/target/bench-build/release/deps/velvet_ballistics-226e26dbf5eb6c03
    0x55ed063e7226
      in /home/lewis/src/velvet-ballistics/target/bench-build/release/deps/velvet_ballistics-226e26dbf5eb6c03
    0x55ed0661a40b
      in /home/lewis/src/velvet-ballistics/target/bench-build/release/deps/velvet_ballistics-226e26dbf5eb6c03
    0x7f36dce27740
      in /usr/lib/libc.so.6
    __libc_start_main
      in /usr/lib/libc.so.6

2 calls to allocation functions with 0B peak consumption from
__getdelim
  in /usr/lib/libc.so.6
1 calls with 0B peak consumption from:
    pthread_getattr_np
      in /usr/lib/libc.so.6
    0x55ed063e702d
      in /home/lewis/src/velvet-ballistics/target/bench-build/release/deps/velvet_ballistics-226e26dbf5eb6c03
    0x55ed0661a40b
      in /home/lewis/src/velvet-ballistics/target/bench-build/release/deps/velvet_ballistics-226e26dbf5eb6c03
    0x7f36dce27740
      in /usr/lib/libc.so.6
    __libc_start_main
      in /usr/lib/libc.so.6
1 calls with 0B peak consumption from:
    pthread_getattr_np
      in /usr/lib/libc.so.6
    0x55ed063e702d
      in /home/lewis/src/velvet-ballistics/target/bench-build/release/deps/velvet_ballistics-226e26dbf5eb6c03
    0x55ed0661a40b
      in /home/lewis/src/velvet-ballistics/target/bench-build/release/deps/velvet_ballistics-226e26dbf5eb6c03
    0x7f36dce27740
      in /usr/lib/libc.so.6
    __libc_start_main
      in /usr/lib/libc.so.6

1 calls to allocation functions with 0B peak consumption from
_IO_file_doallocate
  in /usr/lib/libc.so.6
1 calls with 0B peak consumption from:
    _IO_doallocbuf
      in /usr/lib/libc.so.6
    _IO_file_underflow
      in /usr/lib/libc.so.6
    __getdelim
      in /usr/lib/libc.so.6
    pthread_getattr_np
      in /usr/lib/libc.so.6
    0x55ed063e702d
      in /home/lewis/src/velvet-ballistics/target/bench-build/release/deps/velvet_ballistics-226e26dbf5eb6c03
    0x55ed0661a40b
      in /home/lewis/src/velvet-ballistics/target/bench-build/release/deps/velvet_ballistics-226e26dbf5eb6c03
    0x7f36dce27740
      in /usr/lib/libc.so.6
    __libc_start_main
      in /usr/lib/libc.so.6

1 calls to allocation functions with 73.73K peak consumption from
0x7f36dcab287f
  in /usr/lib/libstdc++.so.6
1 calls with 73.73K peak consumption from:
    0x7f36dd2a31ee
      in /lib64/ld-linux-x86-64.so.2
    0x7f36dd2a32cc
      in /lib64/ld-linux-x86-64.so.2
    0x7f36dd2bc35f
      in /lib64/ld-linux-x86-64.so.2


PEAK MEMORY CONSUMERS
5.08M peak memory consumed over 80847 calls from
0x55ed063f019b
  in /home/lewis/src/velvet-ballistics/target/bench-build/release/deps/velvet_ballistics-226e26dbf5eb6c03
1.60M consumed over 1 calls from:
    0x55ed06450712
      in /home/lewis/src/velvet-ballistics/target/bench-build/release/deps/velvet_ballistics-226e26dbf5eb6c03
    0x55ed06539848
      in /home/lewis/src/velvet-ballistics/target/bench-build/release/deps/velvet_ballistics-226e26dbf5eb6c03
    0x55ed0656cec9
      in /home/lewis/src/velvet-ballistics/target/bench-build/release/deps/velvet_ballistics-226e26dbf5eb6c03
    0x55ed06551e10
      in /home/lewis/src/velvet-ballistics/target/bench-build/release/deps/velvet_ballistics-226e26dbf5eb6c03
    0x55ed065146b2
      in /home/lewis/src/velvet-ballistics/target/bench-build/release/deps/velvet_ballistics-226e26dbf5eb6c03
    0x55ed0651b4e8
      in /home/lewis/src/velvet-ballistics/target/bench-build/release/deps/velvet_ballistics-226e26dbf5eb6c03
    0x55ed063e7226
      in /home/lewis/src/velvet-ballistics/target/bench-build/release/deps/velvet_ballistics-226e26dbf5eb6c03
    0x55ed0661a40b
      in /home/lewis/src/velvet-ballistics/target/bench-build/release/deps/velvet_ballistics-226e26dbf5eb6c03
    0x7f36dce27740
      in /usr/lib/libc.so.6
    __libc_start_main
      in /usr/lib/libc.so.6
1.60M consumed over 1 calls from:
    0x55ed06450712
      in /home/lewis/src/velvet-ballistics/target/bench-build/release/deps/velvet_ballistics-226e26dbf5eb6c03
    0x55ed06539848
      in /home/lewis/src/velvet-ballistics/target/bench-build/release/deps/velvet_ballistics-226e26dbf5eb6c03
    0x55ed0656cec9
      in /home/lewis/src/velvet-ballistics/target/bench-build/release/deps/velvet_ballistics-226e26dbf5eb6c03
    0x55ed06551e10
      in /home/lewis/src/velvet-ballistics/target/bench-build/release/deps/velvet_ballistics-226e26dbf5eb6c03
    0x55ed065146b2
      in /home/lewis/src/velvet-ballistics/target/bench-build/release/deps/velvet_ballistics-226e26dbf5eb6c03
    0x55ed0651b4e8
      in /home/lewis/src/velvet-ballistics/target/bench-build/release/deps/velvet_ballistics-226e26dbf5eb6c03
    0x55ed063e7226
      in /home/lewis/src/velvet-ballistics/target/bench-build/release/deps/velvet_ballistics-226e26dbf5eb6c03
    0x55ed0661a40b
      in /home/lewis/src/velvet-ballistics/target/bench-build/release/deps/velvet_ballistics-226e26dbf5eb6c03
    0x7f36dce27740
      in /usr/lib/libc.so.6
    __libc_start_main
      in /usr/lib/libc.so.6
1.18M consumed over 1 calls from:
    0x55ed06450712
      in /home/lewis/src/velvet-ballistics/target/bench-build/release/deps/velvet_ballistics-226e26dbf5eb6c03
    0x55ed06539848
      in /home/lewis/src/velvet-ballistics/target/bench-build/release/deps/velvet_ballistics-226e26dbf5eb6c03
    0x55ed0656cec9
      in /home/lewis/src/velvet-ballistics/target/bench-build/release/deps/velvet_ballistics-226e26dbf5eb6c03
    0x55ed06551e10
      in /home/lewis/src/velvet-ballistics/target/bench-build/release/deps/velvet_ballistics-226e26dbf5eb6c03
    0x55ed065146b2
      in /home/lewis/src/velvet-ballistics/target/bench-build/release/deps/velvet_ballistics-226e26dbf5eb6c03
    0x55ed0651b4e8
      in /home/lewis/src/velvet-ballistics/target/bench-build/release/deps/velvet_ballistics-226e26dbf5eb6c03
    0x55ed063e7226
      in /home/lewis/src/velvet-ballistics/target/bench-build/release/deps/velvet_ballistics-226e26dbf5eb6c03
    0x55ed0661a40b
      in /home/lewis/src/velvet-ballistics/target/bench-build/release/deps/velvet_ballistics-226e26dbf5eb6c03
    0x7f36dce27740
      in /usr/lib/libc.so.6
    __libc_start_main
      in /usr/lib/libc.so.6
294.91K consumed over 1 calls from:
    0x55ed06450712
      in /home/lewis/src/velvet-ballistics/target/bench-build/release/deps/velvet_ballistics-226e26dbf5eb6c03
    0x55ed06539848
      in /home/lewis/src/velvet-ballistics/target/bench-build/release/deps/velvet_ballistics-226e26dbf5eb6c03
    0x55ed0656cec9
      in /home/lewis/src/velvet-ballistics/target/bench-build/release/deps/velvet_ballistics-226e26dbf5eb6c03
    0x55ed06551e10
      in /home/lewis/src/velvet-ballistics/target/bench-build/release/deps/velvet_ballistics-226e26dbf5eb6c03
    0x55ed065146b2
      in /home/lewis/src/velvet-ballistics/target/bench-build/release/deps/velvet_ballistics-226e26dbf5eb6c03
    0x55ed0651b4e8
      in /home/lewis/src/velvet-ballistics/target/bench-build/release/deps/velvet_ballistics-226e26dbf5eb6c03
    0x55ed063e7226
      in /home/lewis/src/velvet-ballistics/target/bench-build/release/deps/velvet_ballistics-226e26dbf5eb6c03
    0x55ed0661a40b
      in /home/lewis/src/velvet-ballistics/target/bench-build/release/deps/velvet_ballistics-226e26dbf5eb6c03
    0x7f36dce27740
      in /usr/lib/libc.so.6
    __libc_start_main
      in /usr/lib/libc.so.6
163.84K consumed over 1 calls from:
    0x55ed064521ce
      in /home/lewis/src/velvet-ballistics/target/bench-build/release/deps/velvet_ballistics-226e26dbf5eb6c03
    0x55ed06450712
      in /home/lewis/src/velvet-ballistics/target/bench-build/release/deps/velvet_ballistics-226e26dbf5eb6c03
    0x55ed06539848
      in /home/lewis/src/velvet-ballistics/target/bench-build/release/deps/velvet_ballistics-226e26dbf5eb6c03
    0x55ed0656cec9
      in /home/lewis/src/velvet-ballistics/target/bench-build/release/deps/velvet_ballistics-226e26dbf5eb6c03
    0x55ed06551e10
      in /home/lewis/src/velvet-ballistics/target/bench-build/release/deps/velvet_ballistics-226e26dbf5eb6c03
    0x55ed065146b2
      in /home/lewis/src/velvet-ballistics/target/bench-build/release/deps/velvet_ballistics-226e26dbf5eb6c03
    0x55ed0651b4e8
      in /home/lewis/src/velvet-ballistics/target/bench-build/release/deps/velvet_ballistics-226e26dbf5eb6c03
    0x55ed063e7226
      in /home/lewis/src/velvet-ballistics/target/bench-build/release/deps/velvet_ballistics-226e26dbf5eb6c03
    0x55ed0661a40b
      in /home/lewis/src/velvet-ballistics/target/bench-build/release/deps/velvet_ballistics-226e26dbf5eb6c03
    0x7f36dce27740
      in /usr/lib/libc.so.6
    __libc_start_main
      in /usr/lib/libc.so.6
  and 238.74K from 26681 other places

73.73K peak memory consumed over 1 calls from
0x7f36dcab287f
  in /usr/lib/libstdc++.so.6
73.73K consumed over 1 calls from:
    0x7f36dd2a31ee
      in /lib64/ld-linux-x86-64.so.2
    0x7f36dd2a32cc
      in /lib64/ld-linux-x86-64.so.2
    0x7f36dd2bc35f
      in /lib64/ld-linux-x86-64.so.2

2.82K peak memory consumed over 8 calls from
0x7f36dd2aff7f
  in /lib64/ld-linux-x86-64.so.2
1.06K consumed over 3 calls from:
    _dl_allocate_tls
      in /lib64/ld-linux-x86-64.so.2
    pthread_create
      in /usr/lib/libc.so.6
    0x55ed063d4f13
      in /home/lewis/src/velvet-ballistics/target/bench-build/release/deps/velvet_ballistics-226e26dbf5eb6c03
    0x55ed0625ec41
      in /home/lewis/src/velvet-ballistics/target/bench-build/release/deps/velvet_ballistics-226e26dbf5eb6c03
    0x55ed0624ba20
      in /home/lewis/src/velvet-ballistics/target/bench-build/release/deps/velvet_ballistics-226e26dbf5eb6c03
    0x55ed06242c19
      in /home/lewis/src/velvet-ballistics/target/bench-build/release/deps/velvet_ballistics-226e26dbf5eb6c03
    0x55ed062433a7
      in /home/lewis/src/velvet-ballistics/target/bench-build/release/deps/velvet_ballistics-226e26dbf5eb6c03
    0x55ed062434f4
      in /home/lewis/src/velvet-ballistics/target/bench-build/release/deps/velvet_ballistics-226e26dbf5eb6c03
    0x55ed064ffcef
      in /home/lewis/src/velvet-ballistics/target/bench-build/release/deps/velvet_ballistics-226e26dbf5eb6c03
    0x55ed06544a66
      in /home/lewis/src/velvet-ballistics/target/bench-build/release/deps/velvet_ballistics-226e26dbf5eb6c03
    0x55ed06557cf8
      in /home/lewis/src/velvet-ballistics/target/bench-build/release/deps/velvet_ballistics-226e26dbf5eb6c03
    0x55ed06551e10
      in /home/lewis/src/velvet-ballistics/target/bench-build/release/deps/velvet_ballistics-226e26dbf5eb6c03
    0x55ed065146b2
      in /home/lewis/src/velvet-ballistics/target/bench-build/release/deps/velvet_ballistics-226e26dbf5eb6c03
    0x55ed0651b4e8
      in /home/lewis/src/velvet-ballistics/target/bench-build/release/deps/velvet_ballistics-226e26dbf5eb6c03
    0x55ed063e7226
      in /home/lewis/src/velvet-ballistics/target/bench-build/release/deps/velvet_ballistics-226e26dbf5eb6c03
    0x55ed0661a40b
      in /home/lewis/src/velvet-ballistics/target/bench-build/release/deps/velvet_ballistics-226e26dbf5eb6c03
    0x7f36dce27740
      in /usr/lib/libc.so.6
    __libc_start_main
      in /usr/lib/libc.so.6
1.06K consumed over 3 calls from:
    _dl_allocate_tls
      in /lib64/ld-linux-x86-64.so.2
    pthread_create
      in /usr/lib/libc.so.6
    0x55ed063d4f13
      in /home/lewis/src/velvet-ballistics/target/bench-build/release/deps/velvet_ballistics-226e26dbf5eb6c03
    0x55ed0625ec41
      in /home/lewis/src/velvet-ballistics/target/bench-build/release/deps/velvet_ballistics-226e26dbf5eb6c03
    0x55ed0624ba20
      in /home/lewis/src/velvet-ballistics/target/bench-build/release/deps/velvet_ballistics-226e26dbf5eb6c03
    0x55ed06242c19
      in /home/lewis/src/velvet-ballistics/target/bench-build/release/deps/velvet_ballistics-226e26dbf5eb6c03
    0x55ed062433a7
      in /home/lewis/src/velvet-ballistics/target/bench-build/release/deps/velvet_ballistics-226e26dbf5eb6c03
    0x55ed062434f4
      in /home/lewis/src/velvet-ballistics/target/bench-build/release/deps/velvet_ballistics-226e26dbf5eb6c03
    0x55ed064ffcef
      in /home/lewis/src/velvet-ballistics/target/bench-build/release/deps/velvet_ballistics-226e26dbf5eb6c03
    0x55ed06544c4c
      in /home/lewis/src/velvet-ballistics/target/bench-build/release/deps/velvet_ballistics-226e26dbf5eb6c03
    0x55ed06557cf8
      in /home/lewis/src/velvet-ballistics/target/bench-build/release/deps/velvet_ballistics-226e26dbf5eb6c03
    0x55ed06551e10
      in /home/lewis/src/velvet-ballistics/target/bench-build/release/deps/velvet_ballistics-226e26dbf5eb6c03
    0x55ed065146b2
      in /home/lewis/src/velvet-ballistics/target/bench-build/release/deps/velvet_ballistics-226e26dbf5eb6c03
    0x55ed0651b4e8
      in /home/lewis/src/velvet-ballistics/target/bench-build/release/deps/velvet_ballistics-226e26dbf5eb6c03
    0x55ed063e7226
      in /home/lewis/src/velvet-ballistics/target/bench-build/release/deps/velvet_ballistics-226e26dbf5eb6c03
    0x55ed0661a40b
      in /home/lewis/src/velvet-ballistics/target/bench-build/release/deps/velvet_ballistics-226e26dbf5eb6c03
    0x7f36dce27740
      in /usr/lib/libc.so.6
    __libc_start_main
      in /usr/lib/libc.so.6
352B consumed over 1 calls from:
    _dl_allocate_tls
      in /lib64/ld-linux-x86-64.so.2
    pthread_create
      in /usr/lib/libc.so.6
    0x55ed063d4f13
      in /home/lewis/src/velvet-ballistics/target/bench-build/release/deps/velvet_ballistics-226e26dbf5eb6c03
    0x55ed0625ec41
      in /home/lewis/src/velvet-ballistics/target/bench-build/release/deps/velvet_ballistics-226e26dbf5eb6c03
    0x55ed0624b923
      in /home/lewis/src/velvet-ballistics/target/bench-build/release/deps/velvet_ballistics-226e26dbf5eb6c03
    0x55ed06242c19
      in /home/lewis/src/velvet-ballistics/target/bench-build/release/deps/velvet_ballistics-226e26dbf5eb6c03
    0x55ed062433a7
      in /home/lewis/src/velvet-ballistics/target/bench-build/release/deps/velvet_ballistics-226e26dbf5eb6c03
    0x55ed062434f4
      in /home/lewis/src/velvet-ballistics/target/bench-build/release/deps/velvet_ballistics-226e26dbf5eb6c03
    0x55ed064ffcef
      in /home/lewis/src/velvet-ballistics/target/bench-build/release/deps/velvet_ballistics-226e26dbf5eb6c03
    0x55ed06544a66
      in /home/lewis/src/velvet-ballistics/target/bench-build/release/deps/velvet_ballistics-226e26dbf5eb6c03
    0x55ed06557cf8
      in /home/lewis/src/velvet-ballistics/target/bench-build/release/deps/velvet_ballistics-226e26dbf5eb6c03
    0x55ed06551e10
      in /home/lewis/src/velvet-ballistics/target/bench-build/release/deps/velvet_ballistics-226e26dbf5eb6c03
    0x55ed065146b2
      in /home/lewis/src/velvet-ballistics/target/bench-build/release/deps/velvet_ballistics-226e26dbf5eb6c03
    0x55ed0651b4e8
      in /home/lewis/src/velvet-ballistics/target/bench-build/release/deps/velvet_ballistics-226e26dbf5eb6c03
    0x55ed063e7226
      in /home/lewis/src/velvet-ballistics/target/bench-build/release/deps/velvet_ballistics-226e26dbf5eb6c03
    0x55ed0661a40b
      in /home/lewis/src/velvet-ballistics/target/bench-build/release/deps/velvet_ballistics-226e26dbf5eb6c03
    0x7f36dce27740
      in /usr/lib/libc.so.6
    __libc_start_main
      in /usr/lib/libc.so.6
352B consumed over 1 calls from:
    _dl_allocate_tls
      in /lib64/ld-linux-x86-64.so.2
    pthread_create
      in /usr/lib/libc.so.6
    0x55ed063d4f13
      in /home/lewis/src/velvet-ballistics/target/bench-build/release/deps/velvet_ballistics-226e26dbf5eb6c03
    0x55ed0625ec41
      in /home/lewis/src/velvet-ballistics/target/bench-build/release/deps/velvet_ballistics-226e26dbf5eb6c03
    0x55ed0624b923
      in /home/lewis/src/velvet-ballistics/target/bench-build/release/deps/velvet_ballistics-226e26dbf5eb6c03
    0x55ed06242c19
      in /home/lewis/src/velvet-ballistics/target/bench-build/release/deps/velvet_ballistics-226e26dbf5eb6c03
    0x55ed062433a7
      in /home/lewis/src/velvet-ballistics/target/bench-build/release/deps/velvet_ballistics-226e26dbf5eb6c03
    0x55ed062434f4
      in /home/lewis/src/velvet-ballistics/target/bench-build/release/deps/velvet_ballistics-226e26dbf5eb6c03
    0x55ed064ffcef
      in /home/lewis/src/velvet-ballistics/target/bench-build/release/deps/velvet_ballistics-226e26dbf5eb6c03
    0x55ed06544c4c
      in /home/lewis/src/velvet-ballistics/target/bench-build/release/deps/velvet_ballistics-226e26dbf5eb6c03
    0x55ed06557cf8
      in /home/lewis/src/velvet-ballistics/target/bench-build/release/deps/velvet_ballistics-226e26dbf5eb6c03
    0x55ed06551e10
      in /home/lewis/src/velvet-ballistics/target/bench-build/release/deps/velvet_ballistics-226e26dbf5eb6c03
    0x55ed065146b2
      in /home/lewis/src/velvet-ballistics/target/bench-build/release/deps/velvet_ballistics-226e26dbf5eb6c03
    0x55ed0651b4e8
      in /home/lewis/src/velvet-ballistics/target/bench-build/release/deps/velvet_ballistics-226e26dbf5eb6c03
    0x55ed063e7226
      in /home/lewis/src/velvet-ballistics/target/bench-build/release/deps/velvet_ballistics-226e26dbf5eb6c03
    0x55ed0661a40b
      in /home/lewis/src/velvet-ballistics/target/bench-build/release/deps/velvet_ballistics-226e26dbf5eb6c03
    0x7f36dce27740
      in /usr/lib/libc.so.6
    __libc_start_main
      in /usr/lib/libc.so.6

64B peak memory consumed over 30 calls from
__cxa_thread_atexit_impl
  in /usr/lib/libc.so.6
32B consumed over 1 calls from:
    0x55ed063ec772
      in /home/lewis/src/velvet-ballistics/target/bench-build/release/deps/velvet_ballistics-226e26dbf5eb6c03
    0x55ed0625ea20
      in /home/lewis/src/velvet-ballistics/target/bench-build/release/deps/velvet_ballistics-226e26dbf5eb6c03
    0x55ed0624b923
      in /home/lewis/src/velvet-ballistics/target/bench-build/release/deps/velvet_ballistics-226e26dbf5eb6c03
    0x55ed06242c19
      in /home/lewis/src/velvet-ballistics/target/bench-build/release/deps/velvet_ballistics-226e26dbf5eb6c03
    0x55ed062433a7
      in /home/lewis/src/velvet-ballistics/target/bench-build/release/deps/velvet_ballistics-226e26dbf5eb6c03
    0x55ed062434f4
      in /home/lewis/src/velvet-ballistics/target/bench-build/release/deps/velvet_ballistics-226e26dbf5eb6c03
    0x55ed064ffcef
      in /home/lewis/src/velvet-ballistics/target/bench-build/release/deps/velvet_ballistics-226e26dbf5eb6c03
    0x55ed06544a66
      in /home/lewis/src/velvet-ballistics/target/bench-build/release/deps/velvet_ballistics-226e26dbf5eb6c03
    0x55ed06557cf8
      in /home/lewis/src/velvet-ballistics/target/bench-build/release/deps/velvet_ballistics-226e26dbf5eb6c03
    0x55ed06551e10
      in /home/lewis/src/velvet-ballistics/target/bench-build/release/deps/velvet_ballistics-226e26dbf5eb6c03
    0x55ed065146b2
      in /home/lewis/src/velvet-ballistics/target/bench-build/release/deps/velvet_ballistics-226e26dbf5eb6c03
    0x55ed0651b4e8
      in /home/lewis/src/velvet-ballistics/target/bench-build/release/deps/velvet_ballistics-226e26dbf5eb6c03
    0x55ed063e7226
      in /home/lewis/src/velvet-ballistics/target/bench-build/release/deps/velvet_ballistics-226e26dbf5eb6c03
    0x55ed0661a40b
      in /home/lewis/src/velvet-ballistics/target/bench-build/release/deps/velvet_ballistics-226e26dbf5eb6c03
    0x7f36dce27740
      in /usr/lib/libc.so.6
    __libc_start_main
      in /usr/lib/libc.so.6
32B consumed over 1 calls from:
    0x55ed0626cd0f
      in /home/lewis/src/velvet-ballistics/target/bench-build/release/deps/velvet_ballistics-226e26dbf5eb6c03
    0x55ed062712e6
      in /home/lewis/src/velvet-ballistics/target/bench-build/release/deps/velvet_ballistics-226e26dbf5eb6c03
    0x55ed06287085
      in /home/lewis/src/velvet-ballistics/target/bench-build/release/deps/velvet_ballistics-226e26dbf5eb6c03
    0x55ed062a1701
      in /home/lewis/src/velvet-ballistics/target/bench-build/release/deps/velvet_ballistics-226e26dbf5eb6c03
    0x55ed062ca020
      in /home/lewis/src/velvet-ballistics/target/bench-build/release/deps/velvet_ballistics-226e26dbf5eb6c03
    0x55ed0647d5c5
      in /home/lewis/src/velvet-ballistics/target/bench-build/release/deps/velvet_ballistics-226e26dbf5eb6c03
    0x55ed06544dd3
      in /home/lewis/src/velvet-ballistics/target/bench-build/release/deps/velvet_ballistics-226e26dbf5eb6c03
    0x55ed06557cf8
      in /home/lewis/src/velvet-ballistics/target/bench-build/release/deps/velvet_ballistics-226e26dbf5eb6c03
    0x55ed06551e10
      in /home/lewis/src/velvet-ballistics/target/bench-build/release/deps/velvet_ballistics-226e26dbf5eb6c03
    0x55ed065146b2
      in /home/lewis/src/velvet-ballistics/target/bench-build/release/deps/velvet_ballistics-226e26dbf5eb6c03
    0x55ed0651b4e8
      in /home/lewis/src/velvet-ballistics/target/bench-build/release/deps/velvet_ballistics-226e26dbf5eb6c03
    0x55ed063e7226
      in /home/lewis/src/velvet-ballistics/target/bench-build/release/deps/velvet_ballistics-226e26dbf5eb6c03
    0x55ed0661a40b
      in /home/lewis/src/velvet-ballistics/target/bench-build/release/deps/velvet_ballistics-226e26dbf5eb6c03
    0x7f36dce27740
      in /usr/lib/libc.so.6
    __libc_start_main
      in /usr/lib/libc.so.6


MOST TEMPORARY ALLOCATIONS
34396 temporary allocations of 80847 allocations in total (42.54%) from
0x55ed063f019b
  in /home/lewis/src/velvet-ballistics/target/bench-build/release/deps/velvet_ballistics-226e26dbf5eb6c03
5012 temporary allocations of 5012 allocations in total (100.00%) from:
    0x55ed064cecea
      in /home/lewis/src/velvet-ballistics/target/bench-build/release/deps/velvet_ballistics-226e26dbf5eb6c03
    0x55ed0649af67
      in /home/lewis/src/velvet-ballistics/target/bench-build/release/deps/velvet_ballistics-226e26dbf5eb6c03
    0x55ed0640bf76
      in /home/lewis/src/velvet-ballistics/target/bench-build/release/deps/velvet_ballistics-226e26dbf5eb6c03
    0x55ed0656889d
      in /home/lewis/src/velvet-ballistics/target/bench-build/release/deps/velvet_ballistics-226e26dbf5eb6c03
    0x55ed06551e10
      in /home/lewis/src/velvet-ballistics/target/bench-build/release/deps/velvet_ballistics-226e26dbf5eb6c03
    0x55ed065146b2
      in /home/lewis/src/velvet-ballistics/target/bench-build/release/deps/velvet_ballistics-226e26dbf5eb6c03
    0x55ed0651b4e8
      in /home/lewis/src/velvet-ballistics/target/bench-build/release/deps/velvet_ballistics-226e26dbf5eb6c03
    0x55ed063e7226
      in /home/lewis/src/velvet-ballistics/target/bench-build/release/deps/velvet_ballistics-226e26dbf5eb6c03
    0x55ed0661a40b
      in /home/lewis/src/velvet-ballistics/target/bench-build/release/deps/velvet_ballistics-226e26dbf5eb6c03
    0x7f36dce27740
      in /usr/lib/libc.so.6
    __libc_start_main
      in /usr/lib/libc.so.6
3006 temporary allocations of 3006 allocations in total (100.00%) from:
    0x55ed064a9079
      in /home/lewis/src/velvet-ballistics/target/bench-build/release/deps/velvet_ballistics-226e26dbf5eb6c03
    0x55ed064a674c
      in /home/lewis/src/velvet-ballistics/target/bench-build/release/deps/velvet_ballistics-226e26dbf5eb6c03
    0x55ed064cdfeb
      in /home/lewis/src/velvet-ballistics/target/bench-build/release/deps/velvet_ballistics-226e26dbf5eb6c03
    0x55ed0649af67
      in /home/lewis/src/velvet-ballistics/target/bench-build/release/deps/velvet_ballistics-226e26dbf5eb6c03
    0x55ed0640bf76
      in /home/lewis/src/velvet-ballistics/target/bench-build/release/deps/velvet_ballistics-226e26dbf5eb6c03
    0x55ed0656889d
      in /home/lewis/src/velvet-ballistics/target/bench-build/release/deps/velvet_ballistics-226e26dbf5eb6c03
    0x55ed06551e10
      in /home/lewis/src/velvet-ballistics/target/bench-build/release/deps/velvet_ballistics-226e26dbf5eb6c03
    0x55ed065146b2
      in /home/lewis/src/velvet-ballistics/target/bench-build/release/deps/velvet_ballistics-226e26dbf5eb6c03
    0x55ed0651b4e8
      in /home/lewis/src/velvet-ballistics/target/bench-build/release/deps/velvet_ballistics-226e26dbf5eb6c03
    0x55ed063e7226
      in /home/lewis/src/velvet-ballistics/target/bench-build/release/deps/velvet_ballistics-226e26dbf5eb6c03
    0x55ed0661a40b
      in /home/lewis/src/velvet-ballistics/target/bench-build/release/deps/velvet_ballistics-226e26dbf5eb6c03
    0x7f36dce27740
      in /usr/lib/libc.so.6
    __libc_start_main
      in /usr/lib/libc.so.6
3001 temporary allocations of 3006 allocations in total (99.83%) from:
    0x55ed0649a2e8
      in /home/lewis/src/velvet-ballistics/target/bench-build/release/deps/velvet_ballistics-226e26dbf5eb6c03
    0x55ed064c26ad
      in /home/lewis/src/velvet-ballistics/target/bench-build/release/deps/velvet_ballistics-226e26dbf5eb6c03
    0x55ed064a9079
      in /home/lewis/src/velvet-ballistics/target/bench-build/release/deps/velvet_ballistics-226e26dbf5eb6c03
    0x55ed064a674c
      in /home/lewis/src/velvet-ballistics/target/bench-build/release/deps/velvet_ballistics-226e26dbf5eb6c03
    0x55ed064cdfeb
      in /home/lewis/src/velvet-ballistics/target/bench-build/release/deps/velvet_ballistics-226e26dbf5eb6c03
    0x55ed0649af67
      in /home/lewis/src/velvet-ballistics/target/bench-build/release/deps/velvet_ballistics-226e26dbf5eb6c03
    0x55ed0640bf76
      in /home/lewis/src/velvet-ballistics/target/bench-build/release/deps/velvet_ballistics-226e26dbf5eb6c03
    0x55ed0656889d
      in /home/lewis/src/velvet-ballistics/target/bench-build/release/deps/velvet_ballistics-226e26dbf5eb6c03
    0x55ed06551e10
      in /home/lewis/src/velvet-ballistics/target/bench-build/release/deps/velvet_ballistics-226e26dbf5eb6c03
    0x55ed065146b2
      in /home/lewis/src/velvet-ballistics/target/bench-build/release/deps/velvet_ballistics-226e26dbf5eb6c03
    0x55ed0651b4e8
      in /home/lewis/src/velvet-ballistics/target/bench-build/release/deps/velvet_ballistics-226e26dbf5eb6c03
    0x55ed063e7226
      in /home/lewis/src/velvet-ballistics/target/bench-build/release/deps/velvet_ballistics-226e26dbf5eb6c03
    0x55ed0661a40b
      in /home/lewis/src/velvet-ballistics/target/bench-build/release/deps/velvet_ballistics-226e26dbf5eb6c03
    0x7f36dce27740
      in /usr/lib/libc.so.6
    __libc_start_main
      in /usr/lib/libc.so.6
2000 temporary allocations of 3000 allocations in total (66.67%) from:
    0x55ed06101632
      in /home/lewis/src/velvet-ballistics/target/bench-build/release/deps/velvet_ballistics-226e26dbf5eb6c03
    0x55ed06469f9f
      in /home/lewis/src/velvet-ballistics/target/bench-build/release/deps/velvet_ballistics-226e26dbf5eb6c03
    0x55ed0647d877
      in /home/lewis/src/velvet-ballistics/target/bench-build/release/deps/velvet_ballistics-226e26dbf5eb6c03
    0x55ed06544dd3
      in /home/lewis/src/velvet-ballistics/target/bench-build/release/deps/velvet_ballistics-226e26dbf5eb6c03
    0x55ed06557cf8
      in /home/lewis/src/velvet-ballistics/target/bench-build/release/deps/velvet_ballistics-226e26dbf5eb6c03
    0x55ed06551e10
      in /home/lewis/src/velvet-ballistics/target/bench-build/release/deps/velvet_ballistics-226e26dbf5eb6c03
    0x55ed065146b2
      in /home/lewis/src/velvet-ballistics/target/bench-build/release/deps/velvet_ballistics-226e26dbf5eb6c03
    0x55ed0651b4e8
      in /home/lewis/src/velvet-ballistics/target/bench-build/release/deps/velvet_ballistics-226e26dbf5eb6c03
    0x55ed063e7226
      in /home/lewis/src/velvet-ballistics/target/bench-build/release/deps/velvet_ballistics-226e26dbf5eb6c03
    0x55ed0661a40b
      in /home/lewis/src/velvet-ballistics/target/bench-build/release/deps/velvet_ballistics-226e26dbf5eb6c03
    0x7f36dce27740
      in /usr/lib/libc.so.6
    __libc_start_main
      in /usr/lib/libc.so.6
1004 temporary allocations of 1004 allocations in total (100.00%) from:
    0x55ed064a9079
      in /home/lewis/src/velvet-ballistics/target/bench-build/release/deps/velvet_ballistics-226e26dbf5eb6c03
    0x55ed064aa1d0
      in /home/lewis/src/velvet-ballistics/target/bench-build/release/deps/velvet_ballistics-226e26dbf5eb6c03
    0x55ed064a6aab
      in /home/lewis/src/velvet-ballistics/target/bench-build/release/deps/velvet_ballistics-226e26dbf5eb6c03
    0x55ed064cdfeb
      in /home/lewis/src/velvet-ballistics/target/bench-build/release/deps/velvet_ballistics-226e26dbf5eb6c03
    0x55ed0649af67
      in /home/lewis/src/velvet-ballistics/target/bench-build/release/deps/velvet_ballistics-226e26dbf5eb6c03
    0x55ed0640bf76
      in /home/lewis/src/velvet-ballistics/target/bench-build/release/deps/velvet_ballistics-226e26dbf5eb6c03
    0x55ed0656889d
      in /home/lewis/src/velvet-ballistics/target/bench-build/release/deps/velvet_ballistics-226e26dbf5eb6c03
    0x55ed06551e10
      in /home/lewis/src/velvet-ballistics/target/bench-build/release/deps/velvet_ballistics-226e26dbf5eb6c03
    0x55ed065146b2
      in /home/lewis/src/velvet-ballistics/target/bench-build/release/deps/velvet_ballistics-226e26dbf5eb6c03
    0x55ed0651b4e8
      in /home/lewis/src/velvet-ballistics/target/bench-build/release/deps/velvet_ballistics-226e26dbf5eb6c03
    0x55ed063e7226
      in /home/lewis/src/velvet-ballistics/target/bench-build/release/deps/velvet_ballistics-226e26dbf5eb6c03
    0x55ed0661a40b
      in /home/lewis/src/velvet-ballistics/target/bench-build/release/deps/velvet_ballistics-226e26dbf5eb6c03
    0x7f36dce27740
      in /usr/lib/libc.so.6
    __libc_start_main
      in /usr/lib/libc.so.6
  and 20.37K from 26681 other places

1 temporary allocations of 1 allocations in total (100.00%) from
0x7f36dcab287f
  in /usr/lib/libstdc++.so.6
1 temporary allocations of 1 allocations in total (100.00%) from:
    0x7f36dd2a31ee
      in /lib64/ld-linux-x86-64.so.2
    0x7f36dd2a32cc
      in /lib64/ld-linux-x86-64.so.2
    0x7f36dd2bc35f
      in /lib64/ld-linux-x86-64.so.2

1 temporary allocations of 227 allocations in total (0.44%) from
0x7f36dce81faf
  in /usr/lib/libc.so.6
1 temporary allocations of 1 allocations in total (100.00%) from:
    posix_spawn_file_actions_adddup2
      in /usr/lib/libc.so.6
    0x55ed063d3bcb
      in /home/lewis/src/velvet-ballistics/target/bench-build/release/deps/velvet_ballistics-226e26dbf5eb6c03
    0x55ed063e5aa6
      in /home/lewis/src/velvet-ballistics/target/bench-build/release/deps/velvet_ballistics-226e26dbf5eb6c03
    0x55ed0621aac8
      in /home/lewis/src/velvet-ballistics/target/bench-build/release/deps/velvet_ballistics-226e26dbf5eb6c03
    0x55ed061b1ad1
      in /home/lewis/src/velvet-ballistics/target/bench-build/release/deps/velvet_ballistics-226e26dbf5eb6c03
    0x55ed063d51b8
      in /home/lewis/src/velvet-ballistics/target/bench-build/release/deps/velvet_ballistics-226e26dbf5eb6c03
    0x55ed0615b753
      in /home/lewis/src/velvet-ballistics/target/bench-build/release/deps/velvet_ballistics-226e26dbf5eb6c03
    0x55ed061b1b46
      in /home/lewis/src/velvet-ballistics/target/bench-build/release/deps/velvet_ballistics-226e26dbf5eb6c03
    0x55ed063d51b8
      in /home/lewis/src/velvet-ballistics/target/bench-build/release/deps/velvet_ballistics-226e26dbf5eb6c03
    0x55ed0615b7a5
      in /home/lewis/src/velvet-ballistics/target/bench-build/release/deps/velvet_ballistics-226e26dbf5eb6c03
    0x55ed06203057
      in /home/lewis/src/velvet-ballistics/target/bench-build/release/deps/velvet_ballistics-226e26dbf5eb6c03
    0x55ed06551f41
      in /home/lewis/src/velvet-ballistics/target/bench-build/release/deps/velvet_ballistics-226e26dbf5eb6c03
    0x55ed06551e10
      in /home/lewis/src/velvet-ballistics/target/bench-build/release/deps/velvet_ballistics-226e26dbf5eb6c03
    0x55ed065146b2
      in /home/lewis/src/velvet-ballistics/target/bench-build/release/deps/velvet_ballistics-226e26dbf5eb6c03
    0x55ed0651b4e8
      in /home/lewis/src/velvet-ballistics/target/bench-build/release/deps/velvet_ballistics-226e26dbf5eb6c03
    0x55ed063e7226
      in /home/lewis/src/velvet-ballistics/target/bench-build/release/deps/velvet_ballistics-226e26dbf5eb6c03
    0x55ed0661a40b
      in /home/lewis/src/velvet-ballistics/target/bench-build/release/deps/velvet_ballistics-226e26dbf5eb6c03
    0x7f36dce27740
      in /usr/lib/libc.so.6
    __libc_start_main
      in /usr/lib/libc.so.6
  and 0B from 27 other places

1 temporary allocations of 2 allocations in total (50.00%) from
__getdelim
  in /usr/lib/libc.so.6
1 temporary allocations of 1 allocations in total (100.00%) from:
    pthread_getattr_np
      in /usr/lib/libc.so.6
    0x55ed063e702d
      in /home/lewis/src/velvet-ballistics/target/bench-build/release/deps/velvet_ballistics-226e26dbf5eb6c03
    0x55ed0661a40b
      in /home/lewis/src/velvet-ballistics/target/bench-build/release/deps/velvet_ballistics-226e26dbf5eb6c03
    0x7f36dce27740
      in /usr/lib/libc.so.6
    __libc_start_main
      in /usr/lib/libc.so.6


total runtime: 0.06s.
calls to allocation functions: 81174 (1449535/s)
temporary memory allocations: 34399 (614267/s)
peak heap memory consumption: 5.15M
peak RSS (including heaptrack overhead): 14.93M
total memory leaked: 10.51K
