reading file "/home/lewis/src/velvet-ballistics/evidence/benchmark-logs/raw/bench_engine_step_once_save_const_single_transition.heaptrack.zst" - please wait, this might take some time...
Debuggee command was: /home/lewis/src/velvet-ballistics/target/bench-build/release/deps/velvet_ballistics-226e26dbf5eb6c03 --measurement-time 1 --warm-up-time 1 bench_engine_step_once_save_const_single_transition
finished reading file, now analyzing data:

MOST CALLS TO ALLOCATION FUNCTIONS
81004 calls to allocation functions with 5.08M peak consumption from
0x5598ab00719b
  in /home/lewis/src/velvet-ballistics/target/bench-build/release/deps/velvet_ballistics-226e26dbf5eb6c03
5012 calls with 0B peak consumption from:
    0x5598ab0e5cea
      in /home/lewis/src/velvet-ballistics/target/bench-build/release/deps/velvet_ballistics-226e26dbf5eb6c03
    0x5598ab0b1f67
      in /home/lewis/src/velvet-ballistics/target/bench-build/release/deps/velvet_ballistics-226e26dbf5eb6c03
    0x5598ab022f76
      in /home/lewis/src/velvet-ballistics/target/bench-build/release/deps/velvet_ballistics-226e26dbf5eb6c03
    0x5598ab17f89d
      in /home/lewis/src/velvet-ballistics/target/bench-build/release/deps/velvet_ballistics-226e26dbf5eb6c03
    0x5598ab168e10
      in /home/lewis/src/velvet-ballistics/target/bench-build/release/deps/velvet_ballistics-226e26dbf5eb6c03
    0x5598ab12b6b2
      in /home/lewis/src/velvet-ballistics/target/bench-build/release/deps/velvet_ballistics-226e26dbf5eb6c03
    0x5598ab1324e8
      in /home/lewis/src/velvet-ballistics/target/bench-build/release/deps/velvet_ballistics-226e26dbf5eb6c03
    0x5598aaffe226
      in /home/lewis/src/velvet-ballistics/target/bench-build/release/deps/velvet_ballistics-226e26dbf5eb6c03
    0x5598ab23140b
      in /home/lewis/src/velvet-ballistics/target/bench-build/release/deps/velvet_ballistics-226e26dbf5eb6c03
    0x7fd5f6c27740
      in /usr/lib/libc.so.6
    __libc_start_main
      in /usr/lib/libc.so.6
5012 calls with 0B peak consumption from:
    0x5598ab0e55c4
      in /home/lewis/src/velvet-ballistics/target/bench-build/release/deps/velvet_ballistics-226e26dbf5eb6c03
    0x5598ab0b1f67
      in /home/lewis/src/velvet-ballistics/target/bench-build/release/deps/velvet_ballistics-226e26dbf5eb6c03
    0x5598ab022f76
      in /home/lewis/src/velvet-ballistics/target/bench-build/release/deps/velvet_ballistics-226e26dbf5eb6c03
    0x5598ab17f89d
      in /home/lewis/src/velvet-ballistics/target/bench-build/release/deps/velvet_ballistics-226e26dbf5eb6c03
    0x5598ab168e10
      in /home/lewis/src/velvet-ballistics/target/bench-build/release/deps/velvet_ballistics-226e26dbf5eb6c03
    0x5598ab12b6b2
      in /home/lewis/src/velvet-ballistics/target/bench-build/release/deps/velvet_ballistics-226e26dbf5eb6c03
    0x5598ab1324e8
      in /home/lewis/src/velvet-ballistics/target/bench-build/release/deps/velvet_ballistics-226e26dbf5eb6c03
    0x5598aaffe226
      in /home/lewis/src/velvet-ballistics/target/bench-build/release/deps/velvet_ballistics-226e26dbf5eb6c03
    0x5598ab23140b
      in /home/lewis/src/velvet-ballistics/target/bench-build/release/deps/velvet_ballistics-226e26dbf5eb6c03
    0x7fd5f6c27740
      in /usr/lib/libc.so.6
    __libc_start_main
      in /usr/lib/libc.so.6
3006 calls with 0B peak consumption from:
    0x5598ab0b12e8
      in /home/lewis/src/velvet-ballistics/target/bench-build/release/deps/velvet_ballistics-226e26dbf5eb6c03
    0x5598ab0d96ad
      in /home/lewis/src/velvet-ballistics/target/bench-build/release/deps/velvet_ballistics-226e26dbf5eb6c03
    0x5598ab0c0079
      in /home/lewis/src/velvet-ballistics/target/bench-build/release/deps/velvet_ballistics-226e26dbf5eb6c03
    0x5598ab0bd74c
      in /home/lewis/src/velvet-ballistics/target/bench-build/release/deps/velvet_ballistics-226e26dbf5eb6c03
    0x5598ab0e4feb
      in /home/lewis/src/velvet-ballistics/target/bench-build/release/deps/velvet_ballistics-226e26dbf5eb6c03
    0x5598ab0b1f67
      in /home/lewis/src/velvet-ballistics/target/bench-build/release/deps/velvet_ballistics-226e26dbf5eb6c03
    0x5598ab022f76
      in /home/lewis/src/velvet-ballistics/target/bench-build/release/deps/velvet_ballistics-226e26dbf5eb6c03
    0x5598ab17f89d
      in /home/lewis/src/velvet-ballistics/target/bench-build/release/deps/velvet_ballistics-226e26dbf5eb6c03
    0x5598ab168e10
      in /home/lewis/src/velvet-ballistics/target/bench-build/release/deps/velvet_ballistics-226e26dbf5eb6c03
    0x5598ab12b6b2
      in /home/lewis/src/velvet-ballistics/target/bench-build/release/deps/velvet_ballistics-226e26dbf5eb6c03
    0x5598ab1324e8
      in /home/lewis/src/velvet-ballistics/target/bench-build/release/deps/velvet_ballistics-226e26dbf5eb6c03
    0x5598aaffe226
      in /home/lewis/src/velvet-ballistics/target/bench-build/release/deps/velvet_ballistics-226e26dbf5eb6c03
    0x5598ab23140b
      in /home/lewis/src/velvet-ballistics/target/bench-build/release/deps/velvet_ballistics-226e26dbf5eb6c03
    0x7fd5f6c27740
      in /usr/lib/libc.so.6
    __libc_start_main
      in /usr/lib/libc.so.6
3006 calls with 0B peak consumption from:
    0x5598ab0c0079
      in /home/lewis/src/velvet-ballistics/target/bench-build/release/deps/velvet_ballistics-226e26dbf5eb6c03
    0x5598ab0bd74c
      in /home/lewis/src/velvet-ballistics/target/bench-build/release/deps/velvet_ballistics-226e26dbf5eb6c03
    0x5598ab0e4feb
      in /home/lewis/src/velvet-ballistics/target/bench-build/release/deps/velvet_ballistics-226e26dbf5eb6c03
    0x5598ab0b1f67
      in /home/lewis/src/velvet-ballistics/target/bench-build/release/deps/velvet_ballistics-226e26dbf5eb6c03
    0x5598ab022f76
      in /home/lewis/src/velvet-ballistics/target/bench-build/release/deps/velvet_ballistics-226e26dbf5eb6c03
    0x5598ab17f89d
      in /home/lewis/src/velvet-ballistics/target/bench-build/release/deps/velvet_ballistics-226e26dbf5eb6c03
    0x5598ab168e10
      in /home/lewis/src/velvet-ballistics/target/bench-build/release/deps/velvet_ballistics-226e26dbf5eb6c03
    0x5598ab12b6b2
      in /home/lewis/src/velvet-ballistics/target/bench-build/release/deps/velvet_ballistics-226e26dbf5eb6c03
    0x5598ab1324e8
      in /home/lewis/src/velvet-ballistics/target/bench-build/release/deps/velvet_ballistics-226e26dbf5eb6c03
    0x5598aaffe226
      in /home/lewis/src/velvet-ballistics/target/bench-build/release/deps/velvet_ballistics-226e26dbf5eb6c03
    0x5598ab23140b
      in /home/lewis/src/velvet-ballistics/target/bench-build/release/deps/velvet_ballistics-226e26dbf5eb6c03
    0x7fd5f6c27740
      in /usr/lib/libc.so.6
    __libc_start_main
      in /usr/lib/libc.so.6
3000 calls with 0B peak consumption from:
    0x5598aad18632
      in /home/lewis/src/velvet-ballistics/target/bench-build/release/deps/velvet_ballistics-226e26dbf5eb6c03
    0x5598ab080f9f
      in /home/lewis/src/velvet-ballistics/target/bench-build/release/deps/velvet_ballistics-226e26dbf5eb6c03
    0x5598ab094877
      in /home/lewis/src/velvet-ballistics/target/bench-build/release/deps/velvet_ballistics-226e26dbf5eb6c03
    0x5598ab15bdd3
      in /home/lewis/src/velvet-ballistics/target/bench-build/release/deps/velvet_ballistics-226e26dbf5eb6c03
    0x5598ab16ecf8
      in /home/lewis/src/velvet-ballistics/target/bench-build/release/deps/velvet_ballistics-226e26dbf5eb6c03
    0x5598ab168e10
      in /home/lewis/src/velvet-ballistics/target/bench-build/release/deps/velvet_ballistics-226e26dbf5eb6c03
    0x5598ab12b6b2
      in /home/lewis/src/velvet-ballistics/target/bench-build/release/deps/velvet_ballistics-226e26dbf5eb6c03
    0x5598ab1324e8
      in /home/lewis/src/velvet-ballistics/target/bench-build/release/deps/velvet_ballistics-226e26dbf5eb6c03
    0x5598aaffe226
      in /home/lewis/src/velvet-ballistics/target/bench-build/release/deps/velvet_ballistics-226e26dbf5eb6c03
    0x5598ab23140b
      in /home/lewis/src/velvet-ballistics/target/bench-build/release/deps/velvet_ballistics-226e26dbf5eb6c03
    0x7fd5f6c27740
      in /usr/lib/libc.so.6
    __libc_start_main
      in /usr/lib/libc.so.6
  and 61968 from 26686 other places

227 calls to allocation functions with 0B peak consumption from
0x7fd5f6c81faf
  in /usr/lib/libc.so.6
28 calls with 0B peak consumption from:
    pthread_attr_setaffinity_np
      in /usr/lib/libc.so.6
    pthread_getattr_np
      in /usr/lib/libc.so.6
    0x5598ab00860e
      in /home/lewis/src/velvet-ballistics/target/bench-build/release/deps/velvet_ballistics-226e26dbf5eb6c03
    0x5598ab008d69
      in /home/lewis/src/velvet-ballistics/target/bench-build/release/deps/velvet_ballistics-226e26dbf5eb6c03
    0x7fd5f6c981b8
      in /usr/lib/libc.so.6
    0x7fd5f6d1d21b
      in /usr/lib/libc.so.6
15 calls with 0B peak consumption from:
    fdopendir
      in /usr/lib/libc.so.6
    0x5598ab005734
      in /home/lewis/src/velvet-ballistics/target/bench-build/release/deps/velvet_ballistics-226e26dbf5eb6c03
    0x5598ab0058cf
      in /home/lewis/src/velvet-ballistics/target/bench-build/release/deps/velvet_ballistics-226e26dbf5eb6c03
    0x5598ab0058cf
      in /home/lewis/src/velvet-ballistics/target/bench-build/release/deps/velvet_ballistics-226e26dbf5eb6c03
    0x5598ab0058cf
      in /home/lewis/src/velvet-ballistics/target/bench-build/release/deps/velvet_ballistics-226e26dbf5eb6c03
    0x5598ab000387
      in /home/lewis/src/velvet-ballistics/target/bench-build/release/deps/velvet_ballistics-226e26dbf5eb6c03
    0x5598ab015d4d
      in /home/lewis/src/velvet-ballistics/target/bench-build/release/deps/velvet_ballistics-226e26dbf5eb6c03
    0x5598ab15563f
      in /home/lewis/src/velvet-ballistics/target/bench-build/release/deps/velvet_ballistics-226e26dbf5eb6c03
    0x5598ab183ec9
      in /home/lewis/src/velvet-ballistics/target/bench-build/release/deps/velvet_ballistics-226e26dbf5eb6c03
    0x5598ab168e10
      in /home/lewis/src/velvet-ballistics/target/bench-build/release/deps/velvet_ballistics-226e26dbf5eb6c03
    0x5598ab12b6b2
      in /home/lewis/src/velvet-ballistics/target/bench-build/release/deps/velvet_ballistics-226e26dbf5eb6c03
    0x5598ab1324e8
      in /home/lewis/src/velvet-ballistics/target/bench-build/release/deps/velvet_ballistics-226e26dbf5eb6c03
    0x5598aaffe226
      in /home/lewis/src/velvet-ballistics/target/bench-build/release/deps/velvet_ballistics-226e26dbf5eb6c03
    0x5598ab23140b
      in /home/lewis/src/velvet-ballistics/target/bench-build/release/deps/velvet_ballistics-226e26dbf5eb6c03
    0x7fd5f6c27740
      in /usr/lib/libc.so.6
    __libc_start_main
      in /usr/lib/libc.so.6
15 calls with 0B peak consumption from:
    fdopendir
      in /usr/lib/libc.so.6
    0x5598ab005734
      in /home/lewis/src/velvet-ballistics/target/bench-build/release/deps/velvet_ballistics-226e26dbf5eb6c03
    0x5598ab0058cf
      in /home/lewis/src/velvet-ballistics/target/bench-build/release/deps/velvet_ballistics-226e26dbf5eb6c03
    0x5598ab0058cf
      in /home/lewis/src/velvet-ballistics/target/bench-build/release/deps/velvet_ballistics-226e26dbf5eb6c03
    0x5598ab0058cf
      in /home/lewis/src/velvet-ballistics/target/bench-build/release/deps/velvet_ballistics-226e26dbf5eb6c03
    0x5598ab000387
      in /home/lewis/src/velvet-ballistics/target/bench-build/release/deps/velvet_ballistics-226e26dbf5eb6c03
    0x5598ab015d4d
      in /home/lewis/src/velvet-ballistics/target/bench-build/release/deps/velvet_ballistics-226e26dbf5eb6c03
    0x5598ab14ceef
      in /home/lewis/src/velvet-ballistics/target/bench-build/release/deps/velvet_ballistics-226e26dbf5eb6c03
    0x5598ab183ec9
      in /home/lewis/src/velvet-ballistics/target/bench-build/release/deps/velvet_ballistics-226e26dbf5eb6c03
    0x5598ab168e10
      in /home/lewis/src/velvet-ballistics/target/bench-build/release/deps/velvet_ballistics-226e26dbf5eb6c03
    0x5598ab12b6b2
      in /home/lewis/src/velvet-ballistics/target/bench-build/release/deps/velvet_ballistics-226e26dbf5eb6c03
    0x5598ab1324e8
      in /home/lewis/src/velvet-ballistics/target/bench-build/release/deps/velvet_ballistics-226e26dbf5eb6c03
    0x5598aaffe226
      in /home/lewis/src/velvet-ballistics/target/bench-build/release/deps/velvet_ballistics-226e26dbf5eb6c03
    0x5598ab23140b
      in /home/lewis/src/velvet-ballistics/target/bench-build/release/deps/velvet_ballistics-226e26dbf5eb6c03
    0x7fd5f6c27740
      in /usr/lib/libc.so.6
    __libc_start_main
      in /usr/lib/libc.so.6
15 calls with 0B peak consumption from:
    fdopendir
      in /usr/lib/libc.so.6
    0x5598ab005734
      in /home/lewis/src/velvet-ballistics/target/bench-build/release/deps/velvet_ballistics-226e26dbf5eb6c03
    0x5598ab0058cf
      in /home/lewis/src/velvet-ballistics/target/bench-build/release/deps/velvet_ballistics-226e26dbf5eb6c03
    0x5598ab0058cf
      in /home/lewis/src/velvet-ballistics/target/bench-build/release/deps/velvet_ballistics-226e26dbf5eb6c03
    0x5598ab0058cf
      in /home/lewis/src/velvet-ballistics/target/bench-build/release/deps/velvet_ballistics-226e26dbf5eb6c03
    0x5598ab000387
      in /home/lewis/src/velvet-ballistics/target/bench-build/release/deps/velvet_ballistics-226e26dbf5eb6c03
    0x5598ab015d4d
      in /home/lewis/src/velvet-ballistics/target/bench-build/release/deps/velvet_ballistics-226e26dbf5eb6c03
    0x5598ab154f20
      in /home/lewis/src/velvet-ballistics/target/bench-build/release/deps/velvet_ballistics-226e26dbf5eb6c03
    0x5598ab183ec9
      in /home/lewis/src/velvet-ballistics/target/bench-build/release/deps/velvet_ballistics-226e26dbf5eb6c03
    0x5598ab168e10
      in /home/lewis/src/velvet-ballistics/target/bench-build/release/deps/velvet_ballistics-226e26dbf5eb6c03
    0x5598ab12b6b2
      in /home/lewis/src/velvet-ballistics/target/bench-build/release/deps/velvet_ballistics-226e26dbf5eb6c03
    0x5598ab1324e8
      in /home/lewis/src/velvet-ballistics/target/bench-build/release/deps/velvet_ballistics-226e26dbf5eb6c03
    0x5598aaffe226
      in /home/lewis/src/velvet-ballistics/target/bench-build/release/deps/velvet_ballistics-226e26dbf5eb6c03
    0x5598ab23140b
      in /home/lewis/src/velvet-ballistics/target/bench-build/release/deps/velvet_ballistics-226e26dbf5eb6c03
    0x7fd5f6c27740
      in /usr/lib/libc.so.6
    __libc_start_main
      in /usr/lib/libc.so.6
15 calls with 0B peak consumption from:
    fdopendir
      in /usr/lib/libc.so.6
    0x5598ab005734
      in /home/lewis/src/velvet-ballistics/target/bench-build/release/deps/velvet_ballistics-226e26dbf5eb6c03
    0x5598ab0058cf
      in /home/lewis/src/velvet-ballistics/target/bench-build/release/deps/velvet_ballistics-226e26dbf5eb6c03
    0x5598ab0058cf
      in /home/lewis/src/velvet-ballistics/target/bench-build/release/deps/velvet_ballistics-226e26dbf5eb6c03
    0x5598ab0058cf
      in /home/lewis/src/velvet-ballistics/target/bench-build/release/deps/velvet_ballistics-226e26dbf5eb6c03
    0x5598ab000387
      in /home/lewis/src/velvet-ballistics/target/bench-build/release/deps/velvet_ballistics-226e26dbf5eb6c03
    0x5598ab015d4d
      in /home/lewis/src/velvet-ballistics/target/bench-build/release/deps/velvet_ballistics-226e26dbf5eb6c03
    0x5598ab16233b
      in /home/lewis/src/velvet-ballistics/target/bench-build/release/deps/velvet_ballistics-226e26dbf5eb6c03
    0x5598ab16ecf8
      in /home/lewis/src/velvet-ballistics/target/bench-build/release/deps/velvet_ballistics-226e26dbf5eb6c03
    0x5598ab168e10
      in /home/lewis/src/velvet-ballistics/target/bench-build/release/deps/velvet_ballistics-226e26dbf5eb6c03
    0x5598ab12b6b2
      in /home/lewis/src/velvet-ballistics/target/bench-build/release/deps/velvet_ballistics-226e26dbf5eb6c03
    0x5598ab1324e8
      in /home/lewis/src/velvet-ballistics/target/bench-build/release/deps/velvet_ballistics-226e26dbf5eb6c03
    0x5598aaffe226
      in /home/lewis/src/velvet-ballistics/target/bench-build/release/deps/velvet_ballistics-226e26dbf5eb6c03
    0x5598ab23140b
      in /home/lewis/src/velvet-ballistics/target/bench-build/release/deps/velvet_ballistics-226e26dbf5eb6c03
    0x7fd5f6c27740
      in /usr/lib/libc.so.6
    __libc_start_main
      in /usr/lib/libc.so.6
  and 139 from 27 other places

30 calls to allocation functions with 64B peak consumption from
__cxa_thread_atexit_impl
  in /usr/lib/libc.so.6
28 calls with 0B peak consumption from:
    0x5598aaff4e27
      in /home/lewis/src/velvet-ballistics/target/bench-build/release/deps/velvet_ballistics-226e26dbf5eb6c03
    0x5598aae44ebc
      in /home/lewis/src/velvet-ballistics/target/bench-build/release/deps/velvet_ballistics-226e26dbf5eb6c03
    0x5598aae4f313
      in /home/lewis/src/velvet-ballistics/target/bench-build/release/deps/velvet_ballistics-226e26dbf5eb6c03
    0x5598ab008d73
      in /home/lewis/src/velvet-ballistics/target/bench-build/release/deps/velvet_ballistics-226e26dbf5eb6c03
    0x7fd5f6c981b8
      in /usr/lib/libc.so.6
    0x7fd5f6d1d21b
      in /usr/lib/libc.so.6
1 calls with 32B peak consumption from:
    0x5598ab003772
      in /home/lewis/src/velvet-ballistics/target/bench-build/release/deps/velvet_ballistics-226e26dbf5eb6c03
    0x5598aae75a20
      in /home/lewis/src/velvet-ballistics/target/bench-build/release/deps/velvet_ballistics-226e26dbf5eb6c03
    0x5598aae62923
      in /home/lewis/src/velvet-ballistics/target/bench-build/release/deps/velvet_ballistics-226e26dbf5eb6c03
    0x5598aae59c19
      in /home/lewis/src/velvet-ballistics/target/bench-build/release/deps/velvet_ballistics-226e26dbf5eb6c03
    0x5598aae5a3a7
      in /home/lewis/src/velvet-ballistics/target/bench-build/release/deps/velvet_ballistics-226e26dbf5eb6c03
    0x5598aae5a4f4
      in /home/lewis/src/velvet-ballistics/target/bench-build/release/deps/velvet_ballistics-226e26dbf5eb6c03
    0x5598ab116cef
      in /home/lewis/src/velvet-ballistics/target/bench-build/release/deps/velvet_ballistics-226e26dbf5eb6c03
    0x5598ab15ba66
      in /home/lewis/src/velvet-ballistics/target/bench-build/release/deps/velvet_ballistics-226e26dbf5eb6c03
    0x5598ab16ecf8
      in /home/lewis/src/velvet-ballistics/target/bench-build/release/deps/velvet_ballistics-226e26dbf5eb6c03
    0x5598ab168e10
      in /home/lewis/src/velvet-ballistics/target/bench-build/release/deps/velvet_ballistics-226e26dbf5eb6c03
    0x5598ab12b6b2
      in /home/lewis/src/velvet-ballistics/target/bench-build/release/deps/velvet_ballistics-226e26dbf5eb6c03
    0x5598ab1324e8
      in /home/lewis/src/velvet-ballistics/target/bench-build/release/deps/velvet_ballistics-226e26dbf5eb6c03
    0x5598aaffe226
      in /home/lewis/src/velvet-ballistics/target/bench-build/release/deps/velvet_ballistics-226e26dbf5eb6c03
    0x5598ab23140b
      in /home/lewis/src/velvet-ballistics/target/bench-build/release/deps/velvet_ballistics-226e26dbf5eb6c03
    0x7fd5f6c27740
      in /usr/lib/libc.so.6
    __libc_start_main
      in /usr/lib/libc.so.6
1 calls with 32B peak consumption from:
    0x5598aae83d0f
      in /home/lewis/src/velvet-ballistics/target/bench-build/release/deps/velvet_ballistics-226e26dbf5eb6c03
    0x5598aae882e6
      in /home/lewis/src/velvet-ballistics/target/bench-build/release/deps/velvet_ballistics-226e26dbf5eb6c03
    0x5598aae9e085
      in /home/lewis/src/velvet-ballistics/target/bench-build/release/deps/velvet_ballistics-226e26dbf5eb6c03
    0x5598aaeb8701
      in /home/lewis/src/velvet-ballistics/target/bench-build/release/deps/velvet_ballistics-226e26dbf5eb6c03
    0x5598aaee1020
      in /home/lewis/src/velvet-ballistics/target/bench-build/release/deps/velvet_ballistics-226e26dbf5eb6c03
    0x5598ab0945c5
      in /home/lewis/src/velvet-ballistics/target/bench-build/release/deps/velvet_ballistics-226e26dbf5eb6c03
    0x5598ab15bdd3
      in /home/lewis/src/velvet-ballistics/target/bench-build/release/deps/velvet_ballistics-226e26dbf5eb6c03
    0x5598ab16ecf8
      in /home/lewis/src/velvet-ballistics/target/bench-build/release/deps/velvet_ballistics-226e26dbf5eb6c03
    0x5598ab168e10
      in /home/lewis/src/velvet-ballistics/target/bench-build/release/deps/velvet_ballistics-226e26dbf5eb6c03
    0x5598ab12b6b2
      in /home/lewis/src/velvet-ballistics/target/bench-build/release/deps/velvet_ballistics-226e26dbf5eb6c03
    0x5598ab1324e8
      in /home/lewis/src/velvet-ballistics/target/bench-build/release/deps/velvet_ballistics-226e26dbf5eb6c03
    0x5598aaffe226
      in /home/lewis/src/velvet-ballistics/target/bench-build/release/deps/velvet_ballistics-226e26dbf5eb6c03
    0x5598ab23140b
      in /home/lewis/src/velvet-ballistics/target/bench-build/release/deps/velvet_ballistics-226e26dbf5eb6c03
    0x7fd5f6c27740
      in /usr/lib/libc.so.6
    __libc_start_main
      in /usr/lib/libc.so.6

29 calls to allocation functions with 0B peak consumption from
pthread_getattr_np
  in /usr/lib/libc.so.6
28 calls with 0B peak consumption from:
    0x5598ab00860e
      in /home/lewis/src/velvet-ballistics/target/bench-build/release/deps/velvet_ballistics-226e26dbf5eb6c03
    0x5598ab008d69
      in /home/lewis/src/velvet-ballistics/target/bench-build/release/deps/velvet_ballistics-226e26dbf5eb6c03
    0x7fd5f6c981b8
      in /usr/lib/libc.so.6
    0x7fd5f6d1d21b
      in /usr/lib/libc.so.6
1 calls with 0B peak consumption from:
    0x5598aaffe02d
      in /home/lewis/src/velvet-ballistics/target/bench-build/release/deps/velvet_ballistics-226e26dbf5eb6c03
    0x5598ab23140b
      in /home/lewis/src/velvet-ballistics/target/bench-build/release/deps/velvet_ballistics-226e26dbf5eb6c03
    0x7fd5f6c27740
      in /usr/lib/libc.so.6
    __libc_start_main
      in /usr/lib/libc.so.6

29 calls to allocation functions with 0B peak consumption from
pthread_attr_setaffinity_np
  in /usr/lib/libc.so.6
28 calls with 0B peak consumption from:
    pthread_getattr_np
      in /usr/lib/libc.so.6
    0x5598ab00860e
      in /home/lewis/src/velvet-ballistics/target/bench-build/release/deps/velvet_ballistics-226e26dbf5eb6c03
    0x5598ab008d69
      in /home/lewis/src/velvet-ballistics/target/bench-build/release/deps/velvet_ballistics-226e26dbf5eb6c03
    0x7fd5f6c981b8
      in /usr/lib/libc.so.6
    0x7fd5f6d1d21b
      in /usr/lib/libc.so.6
1 calls with 0B peak consumption from:
    pthread_getattr_np
      in /usr/lib/libc.so.6
    0x5598aaffe02d
      in /home/lewis/src/velvet-ballistics/target/bench-build/release/deps/velvet_ballistics-226e26dbf5eb6c03
    0x5598ab23140b
      in /home/lewis/src/velvet-ballistics/target/bench-build/release/deps/velvet_ballistics-226e26dbf5eb6c03
    0x7fd5f6c27740
      in /usr/lib/libc.so.6
    __libc_start_main
      in /usr/lib/libc.so.6

8 calls to allocation functions with 2.82K peak consumption from
0x7fd5f7014f7f
  in /lib64/ld-linux-x86-64.so.2
3 calls with 1.06K peak consumption from:
    _dl_allocate_tls
      in /lib64/ld-linux-x86-64.so.2
    pthread_create
      in /usr/lib/libc.so.6
    0x5598aafebf13
      in /home/lewis/src/velvet-ballistics/target/bench-build/release/deps/velvet_ballistics-226e26dbf5eb6c03
    0x5598aae75c41
      in /home/lewis/src/velvet-ballistics/target/bench-build/release/deps/velvet_ballistics-226e26dbf5eb6c03
    0x5598aae62a20
      in /home/lewis/src/velvet-ballistics/target/bench-build/release/deps/velvet_ballistics-226e26dbf5eb6c03
    0x5598aae59c19
      in /home/lewis/src/velvet-ballistics/target/bench-build/release/deps/velvet_ballistics-226e26dbf5eb6c03
    0x5598aae5a3a7
      in /home/lewis/src/velvet-ballistics/target/bench-build/release/deps/velvet_ballistics-226e26dbf5eb6c03
    0x5598aae5a4f4
      in /home/lewis/src/velvet-ballistics/target/bench-build/release/deps/velvet_ballistics-226e26dbf5eb6c03
    0x5598ab116cef
      in /home/lewis/src/velvet-ballistics/target/bench-build/release/deps/velvet_ballistics-226e26dbf5eb6c03
    0x5598ab15ba66
      in /home/lewis/src/velvet-ballistics/target/bench-build/release/deps/velvet_ballistics-226e26dbf5eb6c03
    0x5598ab16ecf8
      in /home/lewis/src/velvet-ballistics/target/bench-build/release/deps/velvet_ballistics-226e26dbf5eb6c03
    0x5598ab168e10
      in /home/lewis/src/velvet-ballistics/target/bench-build/release/deps/velvet_ballistics-226e26dbf5eb6c03
    0x5598ab12b6b2
      in /home/lewis/src/velvet-ballistics/target/bench-build/release/deps/velvet_ballistics-226e26dbf5eb6c03
    0x5598ab1324e8
      in /home/lewis/src/velvet-ballistics/target/bench-build/release/deps/velvet_ballistics-226e26dbf5eb6c03
    0x5598aaffe226
      in /home/lewis/src/velvet-ballistics/target/bench-build/release/deps/velvet_ballistics-226e26dbf5eb6c03
    0x5598ab23140b
      in /home/lewis/src/velvet-ballistics/target/bench-build/release/deps/velvet_ballistics-226e26dbf5eb6c03
    0x7fd5f6c27740
      in /usr/lib/libc.so.6
    __libc_start_main
      in /usr/lib/libc.so.6
3 calls with 1.06K peak consumption from:
    _dl_allocate_tls
      in /lib64/ld-linux-x86-64.so.2
    pthread_create
      in /usr/lib/libc.so.6
    0x5598aafebf13
      in /home/lewis/src/velvet-ballistics/target/bench-build/release/deps/velvet_ballistics-226e26dbf5eb6c03
    0x5598aae75c41
      in /home/lewis/src/velvet-ballistics/target/bench-build/release/deps/velvet_ballistics-226e26dbf5eb6c03
    0x5598aae62a20
      in /home/lewis/src/velvet-ballistics/target/bench-build/release/deps/velvet_ballistics-226e26dbf5eb6c03
    0x5598aae59c19
      in /home/lewis/src/velvet-ballistics/target/bench-build/release/deps/velvet_ballistics-226e26dbf5eb6c03
    0x5598aae5a3a7
      in /home/lewis/src/velvet-ballistics/target/bench-build/release/deps/velvet_ballistics-226e26dbf5eb6c03
    0x5598aae5a4f4
      in /home/lewis/src/velvet-ballistics/target/bench-build/release/deps/velvet_ballistics-226e26dbf5eb6c03
    0x5598ab116cef
      in /home/lewis/src/velvet-ballistics/target/bench-build/release/deps/velvet_ballistics-226e26dbf5eb6c03
    0x5598ab15bc4c
      in /home/lewis/src/velvet-ballistics/target/bench-build/release/deps/velvet_ballistics-226e26dbf5eb6c03
    0x5598ab16ecf8
      in /home/lewis/src/velvet-ballistics/target/bench-build/release/deps/velvet_ballistics-226e26dbf5eb6c03
    0x5598ab168e10
      in /home/lewis/src/velvet-ballistics/target/bench-build/release/deps/velvet_ballistics-226e26dbf5eb6c03
    0x5598ab12b6b2
      in /home/lewis/src/velvet-ballistics/target/bench-build/release/deps/velvet_ballistics-226e26dbf5eb6c03
    0x5598ab1324e8
      in /home/lewis/src/velvet-ballistics/target/bench-build/release/deps/velvet_ballistics-226e26dbf5eb6c03
    0x5598aaffe226
      in /home/lewis/src/velvet-ballistics/target/bench-build/release/deps/velvet_ballistics-226e26dbf5eb6c03
    0x5598ab23140b
      in /home/lewis/src/velvet-ballistics/target/bench-build/release/deps/velvet_ballistics-226e26dbf5eb6c03
    0x7fd5f6c27740
      in /usr/lib/libc.so.6
    __libc_start_main
      in /usr/lib/libc.so.6
1 calls with 352B peak consumption from:
    _dl_allocate_tls
      in /lib64/ld-linux-x86-64.so.2
    pthread_create
      in /usr/lib/libc.so.6
    0x5598aafebf13
      in /home/lewis/src/velvet-ballistics/target/bench-build/release/deps/velvet_ballistics-226e26dbf5eb6c03
    0x5598aae75c41
      in /home/lewis/src/velvet-ballistics/target/bench-build/release/deps/velvet_ballistics-226e26dbf5eb6c03
    0x5598aae62923
      in /home/lewis/src/velvet-ballistics/target/bench-build/release/deps/velvet_ballistics-226e26dbf5eb6c03
    0x5598aae59c19
      in /home/lewis/src/velvet-ballistics/target/bench-build/release/deps/velvet_ballistics-226e26dbf5eb6c03
    0x5598aae5a3a7
      in /home/lewis/src/velvet-ballistics/target/bench-build/release/deps/velvet_ballistics-226e26dbf5eb6c03
    0x5598aae5a4f4
      in /home/lewis/src/velvet-ballistics/target/bench-build/release/deps/velvet_ballistics-226e26dbf5eb6c03
    0x5598ab116cef
      in /home/lewis/src/velvet-ballistics/target/bench-build/release/deps/velvet_ballistics-226e26dbf5eb6c03
    0x5598ab15ba66
      in /home/lewis/src/velvet-ballistics/target/bench-build/release/deps/velvet_ballistics-226e26dbf5eb6c03
    0x5598ab16ecf8
      in /home/lewis/src/velvet-ballistics/target/bench-build/release/deps/velvet_ballistics-226e26dbf5eb6c03
    0x5598ab168e10
      in /home/lewis/src/velvet-ballistics/target/bench-build/release/deps/velvet_ballistics-226e26dbf5eb6c03
    0x5598ab12b6b2
      in /home/lewis/src/velvet-ballistics/target/bench-build/release/deps/velvet_ballistics-226e26dbf5eb6c03
    0x5598ab1324e8
      in /home/lewis/src/velvet-ballistics/target/bench-build/release/deps/velvet_ballistics-226e26dbf5eb6c03
    0x5598aaffe226
      in /home/lewis/src/velvet-ballistics/target/bench-build/release/deps/velvet_ballistics-226e26dbf5eb6c03
    0x5598ab23140b
      in /home/lewis/src/velvet-ballistics/target/bench-build/release/deps/velvet_ballistics-226e26dbf5eb6c03
    0x7fd5f6c27740
      in /usr/lib/libc.so.6
    __libc_start_main
      in /usr/lib/libc.so.6
1 calls with 352B peak consumption from:
    _dl_allocate_tls
      in /lib64/ld-linux-x86-64.so.2
    pthread_create
      in /usr/lib/libc.so.6
    0x5598aafebf13
      in /home/lewis/src/velvet-ballistics/target/bench-build/release/deps/velvet_ballistics-226e26dbf5eb6c03
    0x5598aae75c41
      in /home/lewis/src/velvet-ballistics/target/bench-build/release/deps/velvet_ballistics-226e26dbf5eb6c03
    0x5598aae62923
      in /home/lewis/src/velvet-ballistics/target/bench-build/release/deps/velvet_ballistics-226e26dbf5eb6c03
    0x5598aae59c19
      in /home/lewis/src/velvet-ballistics/target/bench-build/release/deps/velvet_ballistics-226e26dbf5eb6c03
    0x5598aae5a3a7
      in /home/lewis/src/velvet-ballistics/target/bench-build/release/deps/velvet_ballistics-226e26dbf5eb6c03
    0x5598aae5a4f4
      in /home/lewis/src/velvet-ballistics/target/bench-build/release/deps/velvet_ballistics-226e26dbf5eb6c03
    0x5598ab116cef
      in /home/lewis/src/velvet-ballistics/target/bench-build/release/deps/velvet_ballistics-226e26dbf5eb6c03
    0x5598ab15bc4c
      in /home/lewis/src/velvet-ballistics/target/bench-build/release/deps/velvet_ballistics-226e26dbf5eb6c03
    0x5598ab16ecf8
      in /home/lewis/src/velvet-ballistics/target/bench-build/release/deps/velvet_ballistics-226e26dbf5eb6c03
    0x5598ab168e10
      in /home/lewis/src/velvet-ballistics/target/bench-build/release/deps/velvet_ballistics-226e26dbf5eb6c03
    0x5598ab12b6b2
      in /home/lewis/src/velvet-ballistics/target/bench-build/release/deps/velvet_ballistics-226e26dbf5eb6c03
    0x5598ab1324e8
      in /home/lewis/src/velvet-ballistics/target/bench-build/release/deps/velvet_ballistics-226e26dbf5eb6c03
    0x5598aaffe226
      in /home/lewis/src/velvet-ballistics/target/bench-build/release/deps/velvet_ballistics-226e26dbf5eb6c03
    0x5598ab23140b
      in /home/lewis/src/velvet-ballistics/target/bench-build/release/deps/velvet_ballistics-226e26dbf5eb6c03
    0x7fd5f6c27740
      in /usr/lib/libc.so.6
    __libc_start_main
      in /usr/lib/libc.so.6

2 calls to allocation functions with 0B peak consumption from
__getdelim
  in /usr/lib/libc.so.6
1 calls with 0B peak consumption from:
    pthread_getattr_np
      in /usr/lib/libc.so.6
    0x5598aaffe02d
      in /home/lewis/src/velvet-ballistics/target/bench-build/release/deps/velvet_ballistics-226e26dbf5eb6c03
    0x5598ab23140b
      in /home/lewis/src/velvet-ballistics/target/bench-build/release/deps/velvet_ballistics-226e26dbf5eb6c03
    0x7fd5f6c27740
      in /usr/lib/libc.so.6
    __libc_start_main
      in /usr/lib/libc.so.6
1 calls with 0B peak consumption from:
    pthread_getattr_np
      in /usr/lib/libc.so.6
    0x5598aaffe02d
      in /home/lewis/src/velvet-ballistics/target/bench-build/release/deps/velvet_ballistics-226e26dbf5eb6c03
    0x5598ab23140b
      in /home/lewis/src/velvet-ballistics/target/bench-build/release/deps/velvet_ballistics-226e26dbf5eb6c03
    0x7fd5f6c27740
      in /usr/lib/libc.so.6
    __libc_start_main
      in /usr/lib/libc.so.6

1 calls to allocation functions with 0B peak consumption from
_IO_file_doallocate
  in /usr/lib/libc.so.6
1 calls with 0B peak consumption from:
    _IO_doallocbuf
      in /usr/lib/libc.so.6
    _IO_file_underflow
      in /usr/lib/libc.so.6
    __getdelim
      in /usr/lib/libc.so.6
    pthread_getattr_np
      in /usr/lib/libc.so.6
    0x5598aaffe02d
      in /home/lewis/src/velvet-ballistics/target/bench-build/release/deps/velvet_ballistics-226e26dbf5eb6c03
    0x5598ab23140b
      in /home/lewis/src/velvet-ballistics/target/bench-build/release/deps/velvet_ballistics-226e26dbf5eb6c03
    0x7fd5f6c27740
      in /usr/lib/libc.so.6
    __libc_start_main
      in /usr/lib/libc.so.6

1 calls to allocation functions with 73.73K peak consumption from
0x7fd5f68b287f
  in /usr/lib/libstdc++.so.6
1 calls with 73.73K peak consumption from:
    0x7fd5f70081ee
      in /lib64/ld-linux-x86-64.so.2
    0x7fd5f70082cc
      in /lib64/ld-linux-x86-64.so.2
    0x7fd5f702135f
      in /lib64/ld-linux-x86-64.so.2


PEAK MEMORY CONSUMERS
5.08M peak memory consumed over 81004 calls from
0x5598ab00719b
  in /home/lewis/src/velvet-ballistics/target/bench-build/release/deps/velvet_ballistics-226e26dbf5eb6c03
1.60M consumed over 1 calls from:
    0x5598ab067712
      in /home/lewis/src/velvet-ballistics/target/bench-build/release/deps/velvet_ballistics-226e26dbf5eb6c03
    0x5598ab150848
      in /home/lewis/src/velvet-ballistics/target/bench-build/release/deps/velvet_ballistics-226e26dbf5eb6c03
    0x5598ab183ec9
      in /home/lewis/src/velvet-ballistics/target/bench-build/release/deps/velvet_ballistics-226e26dbf5eb6c03
    0x5598ab168e10
      in /home/lewis/src/velvet-ballistics/target/bench-build/release/deps/velvet_ballistics-226e26dbf5eb6c03
    0x5598ab12b6b2
      in /home/lewis/src/velvet-ballistics/target/bench-build/release/deps/velvet_ballistics-226e26dbf5eb6c03
    0x5598ab1324e8
      in /home/lewis/src/velvet-ballistics/target/bench-build/release/deps/velvet_ballistics-226e26dbf5eb6c03
    0x5598aaffe226
      in /home/lewis/src/velvet-ballistics/target/bench-build/release/deps/velvet_ballistics-226e26dbf5eb6c03
    0x5598ab23140b
      in /home/lewis/src/velvet-ballistics/target/bench-build/release/deps/velvet_ballistics-226e26dbf5eb6c03
    0x7fd5f6c27740
      in /usr/lib/libc.so.6
    __libc_start_main
      in /usr/lib/libc.so.6
1.60M consumed over 1 calls from:
    0x5598ab067712
      in /home/lewis/src/velvet-ballistics/target/bench-build/release/deps/velvet_ballistics-226e26dbf5eb6c03
    0x5598ab150848
      in /home/lewis/src/velvet-ballistics/target/bench-build/release/deps/velvet_ballistics-226e26dbf5eb6c03
    0x5598ab183ec9
      in /home/lewis/src/velvet-ballistics/target/bench-build/release/deps/velvet_ballistics-226e26dbf5eb6c03
    0x5598ab168e10
      in /home/lewis/src/velvet-ballistics/target/bench-build/release/deps/velvet_ballistics-226e26dbf5eb6c03
    0x5598ab12b6b2
      in /home/lewis/src/velvet-ballistics/target/bench-build/release/deps/velvet_ballistics-226e26dbf5eb6c03
    0x5598ab1324e8
      in /home/lewis/src/velvet-ballistics/target/bench-build/release/deps/velvet_ballistics-226e26dbf5eb6c03
    0x5598aaffe226
      in /home/lewis/src/velvet-ballistics/target/bench-build/release/deps/velvet_ballistics-226e26dbf5eb6c03
    0x5598ab23140b
      in /home/lewis/src/velvet-ballistics/target/bench-build/release/deps/velvet_ballistics-226e26dbf5eb6c03
    0x7fd5f6c27740
      in /usr/lib/libc.so.6
    __libc_start_main
      in /usr/lib/libc.so.6
1.18M consumed over 1 calls from:
    0x5598ab067712
      in /home/lewis/src/velvet-ballistics/target/bench-build/release/deps/velvet_ballistics-226e26dbf5eb6c03
    0x5598ab150848
      in /home/lewis/src/velvet-ballistics/target/bench-build/release/deps/velvet_ballistics-226e26dbf5eb6c03
    0x5598ab183ec9
      in /home/lewis/src/velvet-ballistics/target/bench-build/release/deps/velvet_ballistics-226e26dbf5eb6c03
    0x5598ab168e10
      in /home/lewis/src/velvet-ballistics/target/bench-build/release/deps/velvet_ballistics-226e26dbf5eb6c03
    0x5598ab12b6b2
      in /home/lewis/src/velvet-ballistics/target/bench-build/release/deps/velvet_ballistics-226e26dbf5eb6c03
    0x5598ab1324e8
      in /home/lewis/src/velvet-ballistics/target/bench-build/release/deps/velvet_ballistics-226e26dbf5eb6c03
    0x5598aaffe226
      in /home/lewis/src/velvet-ballistics/target/bench-build/release/deps/velvet_ballistics-226e26dbf5eb6c03
    0x5598ab23140b
      in /home/lewis/src/velvet-ballistics/target/bench-build/release/deps/velvet_ballistics-226e26dbf5eb6c03
    0x7fd5f6c27740
      in /usr/lib/libc.so.6
    __libc_start_main
      in /usr/lib/libc.so.6
294.91K consumed over 1 calls from:
    0x5598ab067712
      in /home/lewis/src/velvet-ballistics/target/bench-build/release/deps/velvet_ballistics-226e26dbf5eb6c03
    0x5598ab150848
      in /home/lewis/src/velvet-ballistics/target/bench-build/release/deps/velvet_ballistics-226e26dbf5eb6c03
    0x5598ab183ec9
      in /home/lewis/src/velvet-ballistics/target/bench-build/release/deps/velvet_ballistics-226e26dbf5eb6c03
    0x5598ab168e10
      in /home/lewis/src/velvet-ballistics/target/bench-build/release/deps/velvet_ballistics-226e26dbf5eb6c03
    0x5598ab12b6b2
      in /home/lewis/src/velvet-ballistics/target/bench-build/release/deps/velvet_ballistics-226e26dbf5eb6c03
    0x5598ab1324e8
      in /home/lewis/src/velvet-ballistics/target/bench-build/release/deps/velvet_ballistics-226e26dbf5eb6c03
    0x5598aaffe226
      in /home/lewis/src/velvet-ballistics/target/bench-build/release/deps/velvet_ballistics-226e26dbf5eb6c03
    0x5598ab23140b
      in /home/lewis/src/velvet-ballistics/target/bench-build/release/deps/velvet_ballistics-226e26dbf5eb6c03
    0x7fd5f6c27740
      in /usr/lib/libc.so.6
    __libc_start_main
      in /usr/lib/libc.so.6
163.84K consumed over 1 calls from:
    0x5598ab0691ce
      in /home/lewis/src/velvet-ballistics/target/bench-build/release/deps/velvet_ballistics-226e26dbf5eb6c03
    0x5598ab067712
      in /home/lewis/src/velvet-ballistics/target/bench-build/release/deps/velvet_ballistics-226e26dbf5eb6c03
    0x5598ab150848
      in /home/lewis/src/velvet-ballistics/target/bench-build/release/deps/velvet_ballistics-226e26dbf5eb6c03
    0x5598ab183ec9
      in /home/lewis/src/velvet-ballistics/target/bench-build/release/deps/velvet_ballistics-226e26dbf5eb6c03
    0x5598ab168e10
      in /home/lewis/src/velvet-ballistics/target/bench-build/release/deps/velvet_ballistics-226e26dbf5eb6c03
    0x5598ab12b6b2
      in /home/lewis/src/velvet-ballistics/target/bench-build/release/deps/velvet_ballistics-226e26dbf5eb6c03
    0x5598ab1324e8
      in /home/lewis/src/velvet-ballistics/target/bench-build/release/deps/velvet_ballistics-226e26dbf5eb6c03
    0x5598aaffe226
      in /home/lewis/src/velvet-ballistics/target/bench-build/release/deps/velvet_ballistics-226e26dbf5eb6c03
    0x5598ab23140b
      in /home/lewis/src/velvet-ballistics/target/bench-build/release/deps/velvet_ballistics-226e26dbf5eb6c03
    0x7fd5f6c27740
      in /usr/lib/libc.so.6
    __libc_start_main
      in /usr/lib/libc.so.6
  and 238.81K from 26686 other places

73.73K peak memory consumed over 1 calls from
0x7fd5f68b287f
  in /usr/lib/libstdc++.so.6
73.73K consumed over 1 calls from:
    0x7fd5f70081ee
      in /lib64/ld-linux-x86-64.so.2
    0x7fd5f70082cc
      in /lib64/ld-linux-x86-64.so.2
    0x7fd5f702135f
      in /lib64/ld-linux-x86-64.so.2

2.82K peak memory consumed over 8 calls from
0x7fd5f7014f7f
  in /lib64/ld-linux-x86-64.so.2
1.06K consumed over 3 calls from:
    _dl_allocate_tls
      in /lib64/ld-linux-x86-64.so.2
    pthread_create
      in /usr/lib/libc.so.6
    0x5598aafebf13
      in /home/lewis/src/velvet-ballistics/target/bench-build/release/deps/velvet_ballistics-226e26dbf5eb6c03
    0x5598aae75c41
      in /home/lewis/src/velvet-ballistics/target/bench-build/release/deps/velvet_ballistics-226e26dbf5eb6c03
    0x5598aae62a20
      in /home/lewis/src/velvet-ballistics/target/bench-build/release/deps/velvet_ballistics-226e26dbf5eb6c03
    0x5598aae59c19
      in /home/lewis/src/velvet-ballistics/target/bench-build/release/deps/velvet_ballistics-226e26dbf5eb6c03
    0x5598aae5a3a7
      in /home/lewis/src/velvet-ballistics/target/bench-build/release/deps/velvet_ballistics-226e26dbf5eb6c03
    0x5598aae5a4f4
      in /home/lewis/src/velvet-ballistics/target/bench-build/release/deps/velvet_ballistics-226e26dbf5eb6c03
    0x5598ab116cef
      in /home/lewis/src/velvet-ballistics/target/bench-build/release/deps/velvet_ballistics-226e26dbf5eb6c03
    0x5598ab15ba66
      in /home/lewis/src/velvet-ballistics/target/bench-build/release/deps/velvet_ballistics-226e26dbf5eb6c03
    0x5598ab16ecf8
      in /home/lewis/src/velvet-ballistics/target/bench-build/release/deps/velvet_ballistics-226e26dbf5eb6c03
    0x5598ab168e10
      in /home/lewis/src/velvet-ballistics/target/bench-build/release/deps/velvet_ballistics-226e26dbf5eb6c03
    0x5598ab12b6b2
      in /home/lewis/src/velvet-ballistics/target/bench-build/release/deps/velvet_ballistics-226e26dbf5eb6c03
    0x5598ab1324e8
      in /home/lewis/src/velvet-ballistics/target/bench-build/release/deps/velvet_ballistics-226e26dbf5eb6c03
    0x5598aaffe226
      in /home/lewis/src/velvet-ballistics/target/bench-build/release/deps/velvet_ballistics-226e26dbf5eb6c03
    0x5598ab23140b
      in /home/lewis/src/velvet-ballistics/target/bench-build/release/deps/velvet_ballistics-226e26dbf5eb6c03
    0x7fd5f6c27740
      in /usr/lib/libc.so.6
    __libc_start_main
      in /usr/lib/libc.so.6
1.06K consumed over 3 calls from:
    _dl_allocate_tls
      in /lib64/ld-linux-x86-64.so.2
    pthread_create
      in /usr/lib/libc.so.6
    0x5598aafebf13
      in /home/lewis/src/velvet-ballistics/target/bench-build/release/deps/velvet_ballistics-226e26dbf5eb6c03
    0x5598aae75c41
      in /home/lewis/src/velvet-ballistics/target/bench-build/release/deps/velvet_ballistics-226e26dbf5eb6c03
    0x5598aae62a20
      in /home/lewis/src/velvet-ballistics/target/bench-build/release/deps/velvet_ballistics-226e26dbf5eb6c03
    0x5598aae59c19
      in /home/lewis/src/velvet-ballistics/target/bench-build/release/deps/velvet_ballistics-226e26dbf5eb6c03
    0x5598aae5a3a7
      in /home/lewis/src/velvet-ballistics/target/bench-build/release/deps/velvet_ballistics-226e26dbf5eb6c03
    0x5598aae5a4f4
      in /home/lewis/src/velvet-ballistics/target/bench-build/release/deps/velvet_ballistics-226e26dbf5eb6c03
    0x5598ab116cef
      in /home/lewis/src/velvet-ballistics/target/bench-build/release/deps/velvet_ballistics-226e26dbf5eb6c03
    0x5598ab15bc4c
      in /home/lewis/src/velvet-ballistics/target/bench-build/release/deps/velvet_ballistics-226e26dbf5eb6c03
    0x5598ab16ecf8
      in /home/lewis/src/velvet-ballistics/target/bench-build/release/deps/velvet_ballistics-226e26dbf5eb6c03
    0x5598ab168e10
      in /home/lewis/src/velvet-ballistics/target/bench-build/release/deps/velvet_ballistics-226e26dbf5eb6c03
    0x5598ab12b6b2
      in /home/lewis/src/velvet-ballistics/target/bench-build/release/deps/velvet_ballistics-226e26dbf5eb6c03
    0x5598ab1324e8
      in /home/lewis/src/velvet-ballistics/target/bench-build/release/deps/velvet_ballistics-226e26dbf5eb6c03
    0x5598aaffe226
      in /home/lewis/src/velvet-ballistics/target/bench-build/release/deps/velvet_ballistics-226e26dbf5eb6c03
    0x5598ab23140b
      in /home/lewis/src/velvet-ballistics/target/bench-build/release/deps/velvet_ballistics-226e26dbf5eb6c03
    0x7fd5f6c27740
      in /usr/lib/libc.so.6
    __libc_start_main
      in /usr/lib/libc.so.6
352B consumed over 1 calls from:
    _dl_allocate_tls
      in /lib64/ld-linux-x86-64.so.2
    pthread_create
      in /usr/lib/libc.so.6
    0x5598aafebf13
      in /home/lewis/src/velvet-ballistics/target/bench-build/release/deps/velvet_ballistics-226e26dbf5eb6c03
    0x5598aae75c41
      in /home/lewis/src/velvet-ballistics/target/bench-build/release/deps/velvet_ballistics-226e26dbf5eb6c03
    0x5598aae62923
      in /home/lewis/src/velvet-ballistics/target/bench-build/release/deps/velvet_ballistics-226e26dbf5eb6c03
    0x5598aae59c19
      in /home/lewis/src/velvet-ballistics/target/bench-build/release/deps/velvet_ballistics-226e26dbf5eb6c03
    0x5598aae5a3a7
      in /home/lewis/src/velvet-ballistics/target/bench-build/release/deps/velvet_ballistics-226e26dbf5eb6c03
    0x5598aae5a4f4
      in /home/lewis/src/velvet-ballistics/target/bench-build/release/deps/velvet_ballistics-226e26dbf5eb6c03
    0x5598ab116cef
      in /home/lewis/src/velvet-ballistics/target/bench-build/release/deps/velvet_ballistics-226e26dbf5eb6c03
    0x5598ab15ba66
      in /home/lewis/src/velvet-ballistics/target/bench-build/release/deps/velvet_ballistics-226e26dbf5eb6c03
    0x5598ab16ecf8
      in /home/lewis/src/velvet-ballistics/target/bench-build/release/deps/velvet_ballistics-226e26dbf5eb6c03
    0x5598ab168e10
      in /home/lewis/src/velvet-ballistics/target/bench-build/release/deps/velvet_ballistics-226e26dbf5eb6c03
    0x5598ab12b6b2
      in /home/lewis/src/velvet-ballistics/target/bench-build/release/deps/velvet_ballistics-226e26dbf5eb6c03
    0x5598ab1324e8
      in /home/lewis/src/velvet-ballistics/target/bench-build/release/deps/velvet_ballistics-226e26dbf5eb6c03
    0x5598aaffe226
      in /home/lewis/src/velvet-ballistics/target/bench-build/release/deps/velvet_ballistics-226e26dbf5eb6c03
    0x5598ab23140b
      in /home/lewis/src/velvet-ballistics/target/bench-build/release/deps/velvet_ballistics-226e26dbf5eb6c03
    0x7fd5f6c27740
      in /usr/lib/libc.so.6
    __libc_start_main
      in /usr/lib/libc.so.6
352B consumed over 1 calls from:
    _dl_allocate_tls
      in /lib64/ld-linux-x86-64.so.2
    pthread_create
      in /usr/lib/libc.so.6
    0x5598aafebf13
      in /home/lewis/src/velvet-ballistics/target/bench-build/release/deps/velvet_ballistics-226e26dbf5eb6c03
    0x5598aae75c41
      in /home/lewis/src/velvet-ballistics/target/bench-build/release/deps/velvet_ballistics-226e26dbf5eb6c03
    0x5598aae62923
      in /home/lewis/src/velvet-ballistics/target/bench-build/release/deps/velvet_ballistics-226e26dbf5eb6c03
    0x5598aae59c19
      in /home/lewis/src/velvet-ballistics/target/bench-build/release/deps/velvet_ballistics-226e26dbf5eb6c03
    0x5598aae5a3a7
      in /home/lewis/src/velvet-ballistics/target/bench-build/release/deps/velvet_ballistics-226e26dbf5eb6c03
    0x5598aae5a4f4
      in /home/lewis/src/velvet-ballistics/target/bench-build/release/deps/velvet_ballistics-226e26dbf5eb6c03
    0x5598ab116cef
      in /home/lewis/src/velvet-ballistics/target/bench-build/release/deps/velvet_ballistics-226e26dbf5eb6c03
    0x5598ab15bc4c
      in /home/lewis/src/velvet-ballistics/target/bench-build/release/deps/velvet_ballistics-226e26dbf5eb6c03
    0x5598ab16ecf8
      in /home/lewis/src/velvet-ballistics/target/bench-build/release/deps/velvet_ballistics-226e26dbf5eb6c03
    0x5598ab168e10
      in /home/lewis/src/velvet-ballistics/target/bench-build/release/deps/velvet_ballistics-226e26dbf5eb6c03
    0x5598ab12b6b2
      in /home/lewis/src/velvet-ballistics/target/bench-build/release/deps/velvet_ballistics-226e26dbf5eb6c03
    0x5598ab1324e8
      in /home/lewis/src/velvet-ballistics/target/bench-build/release/deps/velvet_ballistics-226e26dbf5eb6c03
    0x5598aaffe226
      in /home/lewis/src/velvet-ballistics/target/bench-build/release/deps/velvet_ballistics-226e26dbf5eb6c03
    0x5598ab23140b
      in /home/lewis/src/velvet-ballistics/target/bench-build/release/deps/velvet_ballistics-226e26dbf5eb6c03
    0x7fd5f6c27740
      in /usr/lib/libc.so.6
    __libc_start_main
      in /usr/lib/libc.so.6

64B peak memory consumed over 30 calls from
__cxa_thread_atexit_impl
  in /usr/lib/libc.so.6
32B consumed over 1 calls from:
    0x5598ab003772
      in /home/lewis/src/velvet-ballistics/target/bench-build/release/deps/velvet_ballistics-226e26dbf5eb6c03
    0x5598aae75a20
      in /home/lewis/src/velvet-ballistics/target/bench-build/release/deps/velvet_ballistics-226e26dbf5eb6c03
    0x5598aae62923
      in /home/lewis/src/velvet-ballistics/target/bench-build/release/deps/velvet_ballistics-226e26dbf5eb6c03
    0x5598aae59c19
      in /home/lewis/src/velvet-ballistics/target/bench-build/release/deps/velvet_ballistics-226e26dbf5eb6c03
    0x5598aae5a3a7
      in /home/lewis/src/velvet-ballistics/target/bench-build/release/deps/velvet_ballistics-226e26dbf5eb6c03
    0x5598aae5a4f4
      in /home/lewis/src/velvet-ballistics/target/bench-build/release/deps/velvet_ballistics-226e26dbf5eb6c03
    0x5598ab116cef
      in /home/lewis/src/velvet-ballistics/target/bench-build/release/deps/velvet_ballistics-226e26dbf5eb6c03
    0x5598ab15ba66
      in /home/lewis/src/velvet-ballistics/target/bench-build/release/deps/velvet_ballistics-226e26dbf5eb6c03
    0x5598ab16ecf8
      in /home/lewis/src/velvet-ballistics/target/bench-build/release/deps/velvet_ballistics-226e26dbf5eb6c03
    0x5598ab168e10
      in /home/lewis/src/velvet-ballistics/target/bench-build/release/deps/velvet_ballistics-226e26dbf5eb6c03
    0x5598ab12b6b2
      in /home/lewis/src/velvet-ballistics/target/bench-build/release/deps/velvet_ballistics-226e26dbf5eb6c03
    0x5598ab1324e8
      in /home/lewis/src/velvet-ballistics/target/bench-build/release/deps/velvet_ballistics-226e26dbf5eb6c03
    0x5598aaffe226
      in /home/lewis/src/velvet-ballistics/target/bench-build/release/deps/velvet_ballistics-226e26dbf5eb6c03
    0x5598ab23140b
      in /home/lewis/src/velvet-ballistics/target/bench-build/release/deps/velvet_ballistics-226e26dbf5eb6c03
    0x7fd5f6c27740
      in /usr/lib/libc.so.6
    __libc_start_main
      in /usr/lib/libc.so.6
32B consumed over 1 calls from:
    0x5598aae83d0f
      in /home/lewis/src/velvet-ballistics/target/bench-build/release/deps/velvet_ballistics-226e26dbf5eb6c03
    0x5598aae882e6
      in /home/lewis/src/velvet-ballistics/target/bench-build/release/deps/velvet_ballistics-226e26dbf5eb6c03
    0x5598aae9e085
      in /home/lewis/src/velvet-ballistics/target/bench-build/release/deps/velvet_ballistics-226e26dbf5eb6c03
    0x5598aaeb8701
      in /home/lewis/src/velvet-ballistics/target/bench-build/release/deps/velvet_ballistics-226e26dbf5eb6c03
    0x5598aaee1020
      in /home/lewis/src/velvet-ballistics/target/bench-build/release/deps/velvet_ballistics-226e26dbf5eb6c03
    0x5598ab0945c5
      in /home/lewis/src/velvet-ballistics/target/bench-build/release/deps/velvet_ballistics-226e26dbf5eb6c03
    0x5598ab15bdd3
      in /home/lewis/src/velvet-ballistics/target/bench-build/release/deps/velvet_ballistics-226e26dbf5eb6c03
    0x5598ab16ecf8
      in /home/lewis/src/velvet-ballistics/target/bench-build/release/deps/velvet_ballistics-226e26dbf5eb6c03
    0x5598ab168e10
      in /home/lewis/src/velvet-ballistics/target/bench-build/release/deps/velvet_ballistics-226e26dbf5eb6c03
    0x5598ab12b6b2
      in /home/lewis/src/velvet-ballistics/target/bench-build/release/deps/velvet_ballistics-226e26dbf5eb6c03
    0x5598ab1324e8
      in /home/lewis/src/velvet-ballistics/target/bench-build/release/deps/velvet_ballistics-226e26dbf5eb6c03
    0x5598aaffe226
      in /home/lewis/src/velvet-ballistics/target/bench-build/release/deps/velvet_ballistics-226e26dbf5eb6c03
    0x5598ab23140b
      in /home/lewis/src/velvet-ballistics/target/bench-build/release/deps/velvet_ballistics-226e26dbf5eb6c03
    0x7fd5f6c27740
      in /usr/lib/libc.so.6
    __libc_start_main
      in /usr/lib/libc.so.6


MOST TEMPORARY ALLOCATIONS
34401 temporary allocations of 81004 allocations in total (42.47%) from
0x5598ab00719b
  in /home/lewis/src/velvet-ballistics/target/bench-build/release/deps/velvet_ballistics-226e26dbf5eb6c03
5012 temporary allocations of 5012 allocations in total (100.00%) from:
    0x5598ab0e5cea
      in /home/lewis/src/velvet-ballistics/target/bench-build/release/deps/velvet_ballistics-226e26dbf5eb6c03
    0x5598ab0b1f67
      in /home/lewis/src/velvet-ballistics/target/bench-build/release/deps/velvet_ballistics-226e26dbf5eb6c03
    0x5598ab022f76
      in /home/lewis/src/velvet-ballistics/target/bench-build/release/deps/velvet_ballistics-226e26dbf5eb6c03
    0x5598ab17f89d
      in /home/lewis/src/velvet-ballistics/target/bench-build/release/deps/velvet_ballistics-226e26dbf5eb6c03
    0x5598ab168e10
      in /home/lewis/src/velvet-ballistics/target/bench-build/release/deps/velvet_ballistics-226e26dbf5eb6c03
    0x5598ab12b6b2
      in /home/lewis/src/velvet-ballistics/target/bench-build/release/deps/velvet_ballistics-226e26dbf5eb6c03
    0x5598ab1324e8
      in /home/lewis/src/velvet-ballistics/target/bench-build/release/deps/velvet_ballistics-226e26dbf5eb6c03
    0x5598aaffe226
      in /home/lewis/src/velvet-ballistics/target/bench-build/release/deps/velvet_ballistics-226e26dbf5eb6c03
    0x5598ab23140b
      in /home/lewis/src/velvet-ballistics/target/bench-build/release/deps/velvet_ballistics-226e26dbf5eb6c03
    0x7fd5f6c27740
      in /usr/lib/libc.so.6
    __libc_start_main
      in /usr/lib/libc.so.6
3006 temporary allocations of 3006 allocations in total (100.00%) from:
    0x5598ab0c0079
      in /home/lewis/src/velvet-ballistics/target/bench-build/release/deps/velvet_ballistics-226e26dbf5eb6c03
    0x5598ab0bd74c
      in /home/lewis/src/velvet-ballistics/target/bench-build/release/deps/velvet_ballistics-226e26dbf5eb6c03
    0x5598ab0e4feb
      in /home/lewis/src/velvet-ballistics/target/bench-build/release/deps/velvet_ballistics-226e26dbf5eb6c03
    0x5598ab0b1f67
      in /home/lewis/src/velvet-ballistics/target/bench-build/release/deps/velvet_ballistics-226e26dbf5eb6c03
    0x5598ab022f76
      in /home/lewis/src/velvet-ballistics/target/bench-build/release/deps/velvet_ballistics-226e26dbf5eb6c03
    0x5598ab17f89d
      in /home/lewis/src/velvet-ballistics/target/bench-build/release/deps/velvet_ballistics-226e26dbf5eb6c03
    0x5598ab168e10
      in /home/lewis/src/velvet-ballistics/target/bench-build/release/deps/velvet_ballistics-226e26dbf5eb6c03
    0x5598ab12b6b2
      in /home/lewis/src/velvet-ballistics/target/bench-build/release/deps/velvet_ballistics-226e26dbf5eb6c03
    0x5598ab1324e8
      in /home/lewis/src/velvet-ballistics/target/bench-build/release/deps/velvet_ballistics-226e26dbf5eb6c03
    0x5598aaffe226
      in /home/lewis/src/velvet-ballistics/target/bench-build/release/deps/velvet_ballistics-226e26dbf5eb6c03
    0x5598ab23140b
      in /home/lewis/src/velvet-ballistics/target/bench-build/release/deps/velvet_ballistics-226e26dbf5eb6c03
    0x7fd5f6c27740
      in /usr/lib/libc.so.6
    __libc_start_main
      in /usr/lib/libc.so.6
3001 temporary allocations of 3006 allocations in total (99.83%) from:
    0x5598ab0b12e8
      in /home/lewis/src/velvet-ballistics/target/bench-build/release/deps/velvet_ballistics-226e26dbf5eb6c03
    0x5598ab0d96ad
      in /home/lewis/src/velvet-ballistics/target/bench-build/release/deps/velvet_ballistics-226e26dbf5eb6c03
    0x5598ab0c0079
      in /home/lewis/src/velvet-ballistics/target/bench-build/release/deps/velvet_ballistics-226e26dbf5eb6c03
    0x5598ab0bd74c
      in /home/lewis/src/velvet-ballistics/target/bench-build/release/deps/velvet_ballistics-226e26dbf5eb6c03
    0x5598ab0e4feb
      in /home/lewis/src/velvet-ballistics/target/bench-build/release/deps/velvet_ballistics-226e26dbf5eb6c03
    0x5598ab0b1f67
      in /home/lewis/src/velvet-ballistics/target/bench-build/release/deps/velvet_ballistics-226e26dbf5eb6c03
    0x5598ab022f76
      in /home/lewis/src/velvet-ballistics/target/bench-build/release/deps/velvet_ballistics-226e26dbf5eb6c03
    0x5598ab17f89d
      in /home/lewis/src/velvet-ballistics/target/bench-build/release/deps/velvet_ballistics-226e26dbf5eb6c03
    0x5598ab168e10
      in /home/lewis/src/velvet-ballistics/target/bench-build/release/deps/velvet_ballistics-226e26dbf5eb6c03
    0x5598ab12b6b2
      in /home/lewis/src/velvet-ballistics/target/bench-build/release/deps/velvet_ballistics-226e26dbf5eb6c03
    0x5598ab1324e8
      in /home/lewis/src/velvet-ballistics/target/bench-build/release/deps/velvet_ballistics-226e26dbf5eb6c03
    0x5598aaffe226
      in /home/lewis/src/velvet-ballistics/target/bench-build/release/deps/velvet_ballistics-226e26dbf5eb6c03
    0x5598ab23140b
      in /home/lewis/src/velvet-ballistics/target/bench-build/release/deps/velvet_ballistics-226e26dbf5eb6c03
    0x7fd5f6c27740
      in /usr/lib/libc.so.6
    __libc_start_main
      in /usr/lib/libc.so.6
2000 temporary allocations of 3000 allocations in total (66.67%) from:
    0x5598aad18632
      in /home/lewis/src/velvet-ballistics/target/bench-build/release/deps/velvet_ballistics-226e26dbf5eb6c03
    0x5598ab080f9f
      in /home/lewis/src/velvet-ballistics/target/bench-build/release/deps/velvet_ballistics-226e26dbf5eb6c03
    0x5598ab094877
      in /home/lewis/src/velvet-ballistics/target/bench-build/release/deps/velvet_ballistics-226e26dbf5eb6c03
    0x5598ab15bdd3
      in /home/lewis/src/velvet-ballistics/target/bench-build/release/deps/velvet_ballistics-226e26dbf5eb6c03
    0x5598ab16ecf8
      in /home/lewis/src/velvet-ballistics/target/bench-build/release/deps/velvet_ballistics-226e26dbf5eb6c03
    0x5598ab168e10
      in /home/lewis/src/velvet-ballistics/target/bench-build/release/deps/velvet_ballistics-226e26dbf5eb6c03
    0x5598ab12b6b2
      in /home/lewis/src/velvet-ballistics/target/bench-build/release/deps/velvet_ballistics-226e26dbf5eb6c03
    0x5598ab1324e8
      in /home/lewis/src/velvet-ballistics/target/bench-build/release/deps/velvet_ballistics-226e26dbf5eb6c03
    0x5598aaffe226
      in /home/lewis/src/velvet-ballistics/target/bench-build/release/deps/velvet_ballistics-226e26dbf5eb6c03
    0x5598ab23140b
      in /home/lewis/src/velvet-ballistics/target/bench-build/release/deps/velvet_ballistics-226e26dbf5eb6c03
    0x7fd5f6c27740
      in /usr/lib/libc.so.6
    __libc_start_main
      in /usr/lib/libc.so.6
1004 temporary allocations of 1004 allocations in total (100.00%) from:
    0x5598ab0c0079
      in /home/lewis/src/velvet-ballistics/target/bench-build/release/deps/velvet_ballistics-226e26dbf5eb6c03
    0x5598ab0c11d0
      in /home/lewis/src/velvet-ballistics/target/bench-build/release/deps/velvet_ballistics-226e26dbf5eb6c03
    0x5598ab0bdaab
      in /home/lewis/src/velvet-ballistics/target/bench-build/release/deps/velvet_ballistics-226e26dbf5eb6c03
    0x5598ab0e4feb
      in /home/lewis/src/velvet-ballistics/target/bench-build/release/deps/velvet_ballistics-226e26dbf5eb6c03
    0x5598ab0b1f67
      in /home/lewis/src/velvet-ballistics/target/bench-build/release/deps/velvet_ballistics-226e26dbf5eb6c03
    0x5598ab022f76
      in /home/lewis/src/velvet-ballistics/target/bench-build/release/deps/velvet_ballistics-226e26dbf5eb6c03
    0x5598ab17f89d
      in /home/lewis/src/velvet-ballistics/target/bench-build/release/deps/velvet_ballistics-226e26dbf5eb6c03
    0x5598ab168e10
      in /home/lewis/src/velvet-ballistics/target/bench-build/release/deps/velvet_ballistics-226e26dbf5eb6c03
    0x5598ab12b6b2
      in /home/lewis/src/velvet-ballistics/target/bench-build/release/deps/velvet_ballistics-226e26dbf5eb6c03
    0x5598ab1324e8
      in /home/lewis/src/velvet-ballistics/target/bench-build/release/deps/velvet_ballistics-226e26dbf5eb6c03
    0x5598aaffe226
      in /home/lewis/src/velvet-ballistics/target/bench-build/release/deps/velvet_ballistics-226e26dbf5eb6c03
    0x5598ab23140b
      in /home/lewis/src/velvet-ballistics/target/bench-build/release/deps/velvet_ballistics-226e26dbf5eb6c03
    0x7fd5f6c27740
      in /usr/lib/libc.so.6
    __libc_start_main
      in /usr/lib/libc.so.6
  and 20.38K from 26686 other places

1 temporary allocations of 1 allocations in total (100.00%) from
0x7fd5f68b287f
  in /usr/lib/libstdc++.so.6
1 temporary allocations of 1 allocations in total (100.00%) from:
    0x7fd5f70081ee
      in /lib64/ld-linux-x86-64.so.2
    0x7fd5f70082cc
      in /lib64/ld-linux-x86-64.so.2
    0x7fd5f702135f
      in /lib64/ld-linux-x86-64.so.2

1 temporary allocations of 227 allocations in total (0.44%) from
0x7fd5f6c81faf
  in /usr/lib/libc.so.6
1 temporary allocations of 1 allocations in total (100.00%) from:
    posix_spawn_file_actions_adddup2
      in /usr/lib/libc.so.6
    0x5598aafeabcb
      in /home/lewis/src/velvet-ballistics/target/bench-build/release/deps/velvet_ballistics-226e26dbf5eb6c03
    0x5598aaffcaa6
      in /home/lewis/src/velvet-ballistics/target/bench-build/release/deps/velvet_ballistics-226e26dbf5eb6c03
    0x5598aae31ac8
      in /home/lewis/src/velvet-ballistics/target/bench-build/release/deps/velvet_ballistics-226e26dbf5eb6c03
    0x5598aadc8ad1
      in /home/lewis/src/velvet-ballistics/target/bench-build/release/deps/velvet_ballistics-226e26dbf5eb6c03
    0x5598aafec1b8
      in /home/lewis/src/velvet-ballistics/target/bench-build/release/deps/velvet_ballistics-226e26dbf5eb6c03
    0x5598aad72753
      in /home/lewis/src/velvet-ballistics/target/bench-build/release/deps/velvet_ballistics-226e26dbf5eb6c03
    0x5598aadc8b46
      in /home/lewis/src/velvet-ballistics/target/bench-build/release/deps/velvet_ballistics-226e26dbf5eb6c03
    0x5598aafec1b8
      in /home/lewis/src/velvet-ballistics/target/bench-build/release/deps/velvet_ballistics-226e26dbf5eb6c03
    0x5598aad727a5
      in /home/lewis/src/velvet-ballistics/target/bench-build/release/deps/velvet_ballistics-226e26dbf5eb6c03
    0x5598aae1a057
      in /home/lewis/src/velvet-ballistics/target/bench-build/release/deps/velvet_ballistics-226e26dbf5eb6c03
    0x5598ab168f41
      in /home/lewis/src/velvet-ballistics/target/bench-build/release/deps/velvet_ballistics-226e26dbf5eb6c03
    0x5598ab168e10
      in /home/lewis/src/velvet-ballistics/target/bench-build/release/deps/velvet_ballistics-226e26dbf5eb6c03
    0x5598ab12b6b2
      in /home/lewis/src/velvet-ballistics/target/bench-build/release/deps/velvet_ballistics-226e26dbf5eb6c03
    0x5598ab1324e8
      in /home/lewis/src/velvet-ballistics/target/bench-build/release/deps/velvet_ballistics-226e26dbf5eb6c03
    0x5598aaffe226
      in /home/lewis/src/velvet-ballistics/target/bench-build/release/deps/velvet_ballistics-226e26dbf5eb6c03
    0x5598ab23140b
      in /home/lewis/src/velvet-ballistics/target/bench-build/release/deps/velvet_ballistics-226e26dbf5eb6c03
    0x7fd5f6c27740
      in /usr/lib/libc.so.6
    __libc_start_main
      in /usr/lib/libc.so.6
  and 0B from 27 other places

1 temporary allocations of 2 allocations in total (50.00%) from
__getdelim
  in /usr/lib/libc.so.6
1 temporary allocations of 1 allocations in total (100.00%) from:
    pthread_getattr_np
      in /usr/lib/libc.so.6
    0x5598aaffe02d
      in /home/lewis/src/velvet-ballistics/target/bench-build/release/deps/velvet_ballistics-226e26dbf5eb6c03
    0x5598ab23140b
      in /home/lewis/src/velvet-ballistics/target/bench-build/release/deps/velvet_ballistics-226e26dbf5eb6c03
    0x7fd5f6c27740
      in /usr/lib/libc.so.6
    __libc_start_main
      in /usr/lib/libc.so.6


total runtime: 0.05s.
calls to allocation functions: 81331 (1730446/s)
temporary memory allocations: 34404 (732000/s)
peak heap memory consumption: 5.15M
peak RSS (including heaptrack overhead): 14.91M
total memory leaked: 10.51K
