metric: ipc_frame_decode
claim_scope: current-head IR interpreter baseline snapshot; no speedup claim
commit: 326c7d0f646e437f9adf18378afee0b21c38d522
criterion_command: target/release/deps/velvet_ballistics-640e715153366df1 ipc_frame_decode --bench --sample-size 10 --warm-up-time 1 --measurement-time 1
criterion_output_excerpt:
  storage_ipc/ipc_frame_decode;profile=bench;tool=criterion-0.8;durability=mixed;mode=ir;latency=p50-p...
                          time:   [67.635 ns 67.782 ns 68.008 ns]
                          change: [−84.327% −83.148% −82.335%] (p = 0.00 < 0.05)
                          Performance has improved.
criterion_sample_percentiles_from_target_criterion_sample_json:
  p50_latency: 67.754249 ns
  p95_latency: 68.654508 ns
  p99_latency: 68.895000 ns
perf_command: perf stat -x, -e instructions,cycles -- target/release/deps/velvet_ballistics-640e715153366df1 ipc_frame_decode --bench --sample-size 10 --warm-up-time 1 --measurement-time 1
perf_summary:
  instructions: 70315208514
  cycles: 39405690776
heaptrack_command: heaptrack --record-only -o target/bench-current/heaptrack-ipc_frame_decode target/release/deps/velvet_ballistics-640e715153366df1 ipc_frame_decode --bench --sample-size 10 --warm-up-time 1 --measurement-time 1
heaptrack_summary:
  allocation_count_process_level: 14462401
  peak_heap_memory: 8.04M
  total_memory_leaked: 262.65K
metadata:
  rustc_version: rustc 1.97.0-nightly (52b6e2c20 2026-04-27)
  cpu_model: AMD Ryzen 9 9950X3D 16-Core Processor
  cpu_governor: performance
  kernel_version: Linux 7.0.9-arch2-1 #1 SMP PREEMPT_DYNAMIC Fri, 22 May 2026 19:25:09 +0000 GNU/Linux
  benchmark_tool_version: criterion 0.8.2
  fixture_digest: sha256:43a599ec8f5195977aae4eb6ec30496a64a80518c25101d50178554b1ba88793
