command: bd show vb-jpq7.32
cwd: /home/lewis/src/velvet-ballistics
timestamp: 2026-06-02T00:31:34Z
exit_code: 0
--- bd show output follows ---
✓ vb-jpq7.32 · P0: add runtime replay ordering and terminal-state properties   [● P0 · CLOSED]
Owner: Lewis · Assignee: Lewis · Type: task
Created: 2026-05-22 · Updated: 2026-05-31
Close reason: Closed

DESCRIPTION
Split from vb-jpq7.6. Prove runtime/replay ordering and state-machine invariants under generated workflows/events.

ACCEPTANCE CRITERIA
Properties cover replay determinism snapshot equivalence for_each ordering together branch ordering retry/collect bounds and terminal-state transitions; no property is no-panic-only; seeds and counterexamples are recorded.

LABELS: backend-dod, master-gap, ordering, property, proptest, release-blocker, replay, runtime, truth-serum

PARENT
  ↑ ● vb-jpq7: (EPIC) P0: Truth-serum backend blocker burn-down ● P0

DEPENDS ON
  → ✓ vb-jpq7.29: P0: add recovery replay equivalence suite ● P0

BLOCKS
  ← ◐ vb-jpq7.13: P0: enforce blocker epic dependency and closure guard ● P0
  ← ✓ vb-jpq7.38: P0: triage mutation survivors with release-grade scope ● P0
