TLC2 Version 2.19 of 08 August 2024 (rev: 5a47802)
Warning: Please run the Java VM which executes TLC with a throughput optimized garbage collector by passing the "-XX:+UseParallelGC" property.
(Use the -nowarning option to disable this warning.)
Running breadth-first search Model-Checking with fp 22 and seed 1338255613567284526 with 1 worker on 32 cores with 30688MB heap and 64MB offheap memory [pid: 287909] (Linux 7.0.3-arch1-2 amd64, Oracle Corporation 26.0.1 x86_64, MSBDiskFPSet, DiskStateQueue).
Parsing file /home/lewis/src/velvet-ballistics/verification/tla/IdempotencySafety.tla
Parsing file /tmp/Integers.tla
Parsing file /tmp/FiniteSets.tla
Parsing file /tmp/Sequences.tla
Parsing file /tmp/TLC.tla
Parsing file /tmp/Naturals.tla
Semantic processing of module Naturals
Semantic processing of module Integers
Semantic processing of module Sequences
Semantic processing of module FiniteSets
Semantic processing of module TLC
Semantic processing of module IdempotencySafety
Starting... (2026-05-24 11:44:06)
Implied-temporal checking--satisfiability problem has 4 branches.
Computing initial states...
Finished computing initial states: 1 distinct state generated at 2026-05-24 11:44:07.
Progress(7) at 2026-05-24 11:44:07: 986 states generated, 306 distinct states found, 0 states left on queue.
Checking 4 branches of temporal properties for the complete state space with 1224 total distinct states at (2026-05-24 11:44:07)
Finished checking temporal properties in 00s at 2026-05-24 11:44:07
Model checking completed. No error has been found.
  Estimates of the probability that TLC did not check all reachable states
  because two distinct states had the same fingerprint:
  calculated (optimistic):  val = 1.1E-14
986 states generated, 306 distinct states found, 0 states left on queue.
The depth of the complete state graph search is 7.
The average outdegree of the complete state graph is 1 (minimum is 0, the maximum 12 and the 95th percentile is 2).
Finished in 00s at (2026-05-24 11:44:07)
